Component: ARM Compiler 5.06 update 5 (build 528) Tool: armlink [4d35e2]

==============================================================================

Section Cross References

    startup_stm32f427xx.o(STACK) refers (Special) to heapauxi.o(.text) for __use_two_region_memory
    startup_stm32f427xx.o(HEAP) refers (Special) to heapauxi.o(.text) for __use_two_region_memory
    startup_stm32f427xx.o(RESET) refers (Special) to heapauxi.o(.text) for __use_two_region_memory
    startup_stm32f427xx.o(RESET) refers to startup_stm32f427xx.o(STACK) for __initial_sp
    startup_stm32f427xx.o(RESET) refers to startup_stm32f427xx.o(.text) for Reset_Handler
    startup_stm32f427xx.o(RESET) refers to stm32f4xx_it.o(i.NMI_Handler) for NMI_Handler
    startup_stm32f427xx.o(RESET) refers to stm32f4xx_it.o(i.HardFault_Handler) for HardFault_Handler
    startup_stm32f427xx.o(RESET) refers to stm32f4xx_it.o(i.MemManage_Handler) for MemManage_Handler
    startup_stm32f427xx.o(RESET) refers to stm32f4xx_it.o(i.BusFault_Handler) for BusFault_Handler
    startup_stm32f427xx.o(RESET) refers to stm32f4xx_it.o(i.UsageFault_Handler) for UsageFault_Handler
    startup_stm32f427xx.o(RESET) refers to stm32f4xx_it.o(i.SVC_Handler) for SVC_Handler
    startup_stm32f427xx.o(RESET) refers to stm32f4xx_it.o(i.DebugMon_Handler) for DebugMon_Handler
    startup_stm32f427xx.o(RESET) refers to stm32f4xx_it.o(i.PendSV_Handler) for PendSV_Handler
    startup_stm32f427xx.o(RESET) refers to stm32f4xx_it.o(i.SysTick_Handler) for SysTick_Handler
    startup_stm32f427xx.o(RESET) refers to stm32f4xx_it.o(i.DMA1_Stream5_IRQHandler) for DMA1_Stream5_IRQHandler
    startup_stm32f427xx.o(RESET) refers to stm32f4xx_it.o(i.DMA1_Stream6_IRQHandler) for DMA1_Stream6_IRQHandler
    startup_stm32f427xx.o(RESET) refers to stm32f4xx_it.o(i.CAN1_TX_IRQHandler) for CAN1_TX_IRQHandler
    startup_stm32f427xx.o(RESET) refers to stm32f4xx_it.o(i.CAN1_RX0_IRQHandler) for CAN1_RX0_IRQHandler
    startup_stm32f427xx.o(RESET) refers to stm32f4xx_it.o(i.CAN1_RX1_IRQHandler) for CAN1_RX1_IRQHandler
    startup_stm32f427xx.o(RESET) refers to stm32f4xx_it.o(i.CAN1_SCE_IRQHandler) for CAN1_SCE_IRQHandler
    startup_stm32f427xx.o(RESET) refers to stm32f4xx_it.o(i.USART2_IRQHandler) for USART2_IRQHandler
    startup_stm32f427xx.o(RESET) refers to stm32f4xx_it.o(i.TIM6_DAC_IRQHandler) for TIM6_DAC_IRQHandler
    startup_stm32f427xx.o(.text) refers (Special) to heapauxi.o(.text) for __use_two_region_memory
    startup_stm32f427xx.o(.text) refers to system_stm32f4xx.o(i.SystemInit) for SystemInit
    startup_stm32f427xx.o(.text) refers to __main.o(!!!main) for __main
    startup_stm32f427xx.o(.text) refers to startup_stm32f427xx.o(HEAP) for Heap_Mem
    startup_stm32f427xx.o(.text) refers to startup_stm32f427xx.o(STACK) for Stack_Mem
    main.o(i.SystemClock_Config) refers to rt_memclr_w.o(.text) for __aeabi_memclr4
    main.o(i.SystemClock_Config) refers to stm32f4xx_hal_rcc.o(i.HAL_RCC_OscConfig) for HAL_RCC_OscConfig
    main.o(i.SystemClock_Config) refers to main.o(i.Error_Handler) for Error_Handler
    main.o(i.SystemClock_Config) refers to stm32f4xx_hal_pwr_ex.o(i.HAL_PWREx_EnableOverDrive) for HAL_PWREx_EnableOverDrive
    main.o(i.SystemClock_Config) refers to stm32f4xx_hal_rcc.o(i.HAL_RCC_ClockConfig) for HAL_RCC_ClockConfig
    main.o(i.main) refers to stm32f4xx_hal.o(i.HAL_Init) for HAL_Init
    main.o(i.main) refers to main.o(i.SystemClock_Config) for SystemClock_Config
    main.o(i.main) refers to gpio.o(i.MX_GPIO_Init) for MX_GPIO_Init
    main.o(i.main) refers to dma.o(i.MX_DMA_Init) for MX_DMA_Init
    main.o(i.main) refers to can.o(i.MX_CAN1_Init) for MX_CAN1_Init
    main.o(i.main) refers to can.o(i.MX_CAN2_Init) for MX_CAN2_Init
    main.o(i.main) refers to spi.o(i.MX_SPI5_Init) for MX_SPI5_Init
    main.o(i.main) refers to usart.o(i.MX_USART2_UART_Init) for MX_USART2_UART_Init
    main.o(i.main) refers to tim.o(i.MX_TIM6_Init) for MX_TIM6_Init
    main.o(i.main) refers to tsk_main.o(i.setup) for setup
    main.o(i.main) refers to tsk_main.o(i.loop) for loop
    gpio.o(i.MX_GPIO_Init) refers to rt_memclr_w.o(.text) for __aeabi_memclr4
    gpio.o(i.MX_GPIO_Init) refers to stm32f4xx_hal_gpio.o(i.HAL_GPIO_WritePin) for HAL_GPIO_WritePin
    gpio.o(i.MX_GPIO_Init) refers to stm32f4xx_hal_gpio.o(i.HAL_GPIO_Init) for HAL_GPIO_Init
    can.o(i.HAL_CAN_MspDeInit) refers to stm32f4xx_hal_gpio.o(i.HAL_GPIO_DeInit) for HAL_GPIO_DeInit
    can.o(i.HAL_CAN_MspDeInit) refers to stm32f4xx_hal_cortex.o(i.HAL_NVIC_DisableIRQ) for HAL_NVIC_DisableIRQ
    can.o(i.HAL_CAN_MspDeInit) refers to can.o(.data) for HAL_RCC_CAN1_CLK_ENABLED
    can.o(i.HAL_CAN_MspInit) refers to rt_memclr_w.o(.text) for __aeabi_memclr4
    can.o(i.HAL_CAN_MspInit) refers to stm32f4xx_hal_gpio.o(i.HAL_GPIO_Init) for HAL_GPIO_Init
    can.o(i.HAL_CAN_MspInit) refers to stm32f4xx_hal_cortex.o(i.HAL_NVIC_SetPriority) for HAL_NVIC_SetPriority
[...]
    _printf_c                                0x08000295   Thumb Code     0  _printf_c.o(.ARM.Collect$$_printf_percent$$00000013)
    _printf_s                                0x0800029b   Thumb Code     0  _printf_s.o(.ARM.Collect$$_printf_percent$$00000014)
    _printf_lc                               0x080002a1   Thumb Code     0  _printf_lc.o(.ARM.Collect$$_printf_percent$$00000015)
    _printf_ls                               0x080002a7   Thumb Code     0  _printf_ls.o(.ARM.Collect$$_printf_percent$$00000016)
    _printf_percent_end                      0x080002ad   Thumb Code     0  _printf_percent_end.o(.ARM.Collect$$_printf_percent$$00000017)
    __rt_lib_init                            0x080002b1   Thumb Code     0  libinit.o(.ARM.Collect$$libinit$$00000000)
    __rt_lib_init_fp_1                       0x080002b3   Thumb Code     0  libinit2.o(.ARM.Collect$$libinit$$00000001)
    __rt_lib_init_heap_1                     0x080002b7   Thumb Code     0  libinit2.o(.ARM.Collect$$libinit$$0000000A)
    __rt_lib_init_lc_common                  0x080002b7   Thumb Code     0  libinit2.o(.ARM.Collect$$libinit$$0000000F)
    __rt_lib_init_preinit_1                  0x080002b7   Thumb Code     0  libinit2.o(.ARM.Collect$$libinit$$00000004)
    __rt_lib_init_rand_1                     0x080002b7   Thumb Code     0  libinit2.o(.ARM.Collect$$libinit$$0000000E)
    __rt_lib_init_user_alloc_1               0x080002b7   Thumb Code     0  libinit2.o(.ARM.Collect$$libinit$$0000000C)
    __rt_lib_init_lc_collate_1               0x080002bd   Thumb Code     0  libinit2.o(.ARM.Collect$$libinit$$00000011)
    __rt_lib_init_lc_ctype_2                 0x080002bd   Thumb Code     0  libinit2.o(.ARM.Collect$$libinit$$00000012)
    __rt_lib_init_lc_ctype_1                 0x080002c9   Thumb Code     0  libinit2.o(.ARM.Collect$$libinit$$00000013)
    __rt_lib_init_lc_monetary_1              0x080002c9   Thumb Code     0  libinit2.o(.ARM.Collect$$libinit$$00000015)
    __rt_lib_init_lc_numeric_2               0x080002c9   Thumb Code     0  libinit2.o(.ARM.Collect$$libinit$$00000016)
    __rt_lib_init_alloca_1                   0x080002d3   Thumb Code     0  libinit2.o(.ARM.Collect$$libinit$$0000002E)
    __rt_lib_init_argv_1                     0x080002d3   Thumb Code     0  libinit2.o(.ARM.Collect$$libinit$$0000002C)
    __rt_lib_init_atexit_1                   0x080002d3   Thumb Code     0  libinit2.o(.ARM.Collect$$libinit$$0000001B)
    __rt_lib_init_clock_1                    0x080002d3   Thumb Code     0  libinit2.o(.ARM.Collect$$libinit$$00000021)
    __rt_lib_init_cpp_1                      0x080002d3   Thumb Code     0  libinit2.o(.ARM.Collect$$libinit$$00000032)
    __rt_lib_init_exceptions_1               0x080002d3   Thumb Code     0  libinit2.o(.ARM.Collect$$libinit$$00000030)
    __rt_lib_init_fp_trap_1                  0x080002d3   Thumb Code     0  libinit2.o(.ARM.Collect$$libinit$$0000001F)
    __rt_lib_init_getenv_1                   0x080002d3   Thumb Code     0  libinit2.o(.ARM.Collect$$libinit$$00000023)
    __rt_lib_init_lc_numeric_1               0x080002d3   Thumb Code     0  libinit2.o(.ARM.Collect$$libinit$$00000017)
    __rt_lib_init_lc_time_1                  0x080002d3   Thumb Code     0  libinit2.o(.ARM.Collect$$libinit$$00000019)
    __rt_lib_init_return                     0x080002d3   Thumb Code     0  libinit2.o(.ARM.Collect$$libinit$$00000033)
    __rt_lib_init_signal_1                   0x080002d3   Thumb Code     0  libinit2.o(.ARM.Collect$$libinit$$0000001D)
    __rt_lib_init_stdio_1                    0x080002d3   Thumb Code     0  libinit2.o(.ARM.Collect$$libinit$$00000025)
    __rt_lib_shutdown                        0x080002d5   Thumb Code     0  libshutdown.o(.ARM.Collect$$libshutdown$$00000000)
    __rt_lib_shutdown_cpp_1                  0x080002d7   Thumb Code     0  libshutdown2.o(.ARM.Collect$$libshutdown$$00000002)
    __rt_lib_shutdown_fp_trap_1              0x080002d7   Thumb Code     0  libshutdown2.o(.ARM.Collect$$libshutdown$$00000007)
    __rt_lib_shutdown_heap_1                 0x080002d7   Thumb Code     0  libshutdown2.o(.ARM.Collect$$libshutdown$$0000000F)
    __rt_lib_shutdown_return                 0x080002d7   Thumb Code     0  libshutdown2.o(.ARM.Collect$$libshutdown$$00000010)
    __rt_lib_shutdown_signal_1               0x080002d7   Thumb Code     0  libshutdown2.o(.ARM.Collect$$libshutdown$$0000000A)
    __rt_lib_shutdown_stdio_1                0x080002d7   Thumb Code     0  libshutdown2.o(.ARM.Collect$$libshutdown$$00000004)
    __rt_lib_shutdown_user_alloc_1           0x080002d7   Thumb Code     0  libshutdown2.o(.ARM.Collect$$libshutdown$$0000000C)
    __rt_entry                               0x080002d9   Thumb Code     0  __rtentry.o(.ARM.Collect$$rtentry$$00000000)
    __rt_entry_presh_1                       0x080002d9   Thumb Code     0  __rtentry2.o(.ARM.Collect$$rtentry$$00000002)
    __rt_entry_sh                            0x080002d9   Thumb Code     0  __rtentry4.o(.ARM.Collect$$rtentry$$00000004)
    __rt_entry_li                            0x080002df   Thumb Code     0  __rtentry2.o(.ARM.Collect$$rtentry$$0000000A)
    __rt_entry_postsh_1                      0x080002df   Thumb Code     0  __rtentry2.o(.ARM.Collect$$rtentry$$00000009)
    __rt_entry_main                          0x080002e3   Thumb Code     0  __rtentry2.o(.ARM.Collect$$rtentry$$0000000D)
    __rt_entry_postli_1                      0x080002e3   Thumb Code     0  __rtentry2.o(.ARM.Collect$$rtentry$$0000000C)
    __rt_exit                                0x080002eb   Thumb Code     0  rtexit.o(.ARM.Collect$$rtexit$$00000000)
    __rt_exit_ls                             0x080002ed   Thumb Code     0  rtexit2.o(.ARM.Collect$$rtexit$$00000003)
    __rt_exit_prels_1                        0x080002ed   Thumb Code     0  rtexit2.o(.ARM.Collect$$rtexit$$00000002)
    __rt_exit_exit                           0x080002f1   Thumb Code     0  rtexit2.o(.ARM.Collect$$rtexit$$00000004)
    Reset_Handler                            0x080002f9   Thumb Code     8  startup_stm32f427xx.o(.text)
    ADC_IRQHandler                           0x08000313   Thumb Code     0  startup_stm32f427xx.o(.text)
    CAN2_RX0_IRQHandler                      0x08000313   Thumb Code     0  startup_stm32f427xx.o(.text)
    CAN2_RX1_IRQHandler                      0x08000313   Thumb Code     0  startup_stm32f427xx.o(.text)
    CAN2_SCE_IRQHandler                      0x08000313   Thumb Code     0  startup_stm32f427xx.o(.text)
    CAN2_TX_IRQHandler                       0x08000313   Thumb Code     0  startup_stm32f427xx.o(.text)
    DCMI_IRQHandler                          0x08000313   Thumb Code     0  startup_stm32f427xx.o(.text)
    DMA1_Stream0_IRQHandler                  0x08000313   Thumb Code     0  startup_stm32f427xx.o(.text)
    DMA1_Stream1_IRQHandler                  0x08000313   Thumb Code     0  startup_stm32f427xx.o(.text)
    DMA1_Stream2_IRQHandler                  0x08000313   Thumb Code     0  startup_stm32f427xx.o(.text)
    DMA1_Stream3_IRQHandler                  0x08000313   Thumb Code     0  startup_stm32f427xx.o(.text)
    DMA1_Stream4_IRQHandler                  0x08000313   Thumb Code     0  startup_stm32f427xx.o(.text)
    DMA1_Stream7_IRQHandler                  0x08000313   Thumb Code     0  startup_stm32f427xx.o(.text)
    DMA2D_IRQHandler                         0x08000313   Thumb Code     0  startup_stm32f427xx.o(.text)
    DMA2_Stream0_IRQHandler                  0x08000313   Thumb Code     0  startup_stm32f427xx.o(.text)
    DMA2_Stream1_IRQHandler                  0x08000313   Thumb Code     0  startup_stm32f427xx.o(.text)
    DMA2_Stream2_IRQHandler                  0x08000313   Thumb Code     0  startup_stm32f427xx.o(.text)
    DMA2_Stream3_IRQHandler                  0x08000313   Thumb Code     0  startup_stm32f427xx.o(.text)
    DMA2_Stream4_IRQHandler                  0x08000313   Thumb Code     0  startup_stm32f427xx.o(.text)
    DMA2_Stream5_IRQHandler                  0x08000313   Thumb Code     0  startup_stm32f427xx.o(.text)
    DMA2_Stream6_IRQHandler                  0x08000313   Thumb Code     0  startup_stm32f427xx.o(.text)
    DMA2_Stream7_IRQHandler                  0x08000313   Thumb Code     0  startup_stm32f427xx.o(.text)
    ETH_IRQHandler                           0x08000313   Thumb Code     0  startup_stm32f427xx.o(.text)
    ETH_WKUP_IRQHandler                      0x08000313   Thumb Code     0  startup_stm32f427xx.o(.text)
    EXTI0_IRQHandler                         0x08000313   Thumb Code     0  startup_stm32f427xx.o(.text)
    EXTI15_10_IRQHandler                     0x08000313   Thumb Code     0  startup_stm32f427xx.o(.text)
    EXTI1_IRQHandler                         0x08000313   Thumb Code     0  startup_stm32f427xx.o(.text)
    EXTI2_IRQHandler                         0x08000313   Thumb Code     0  startup_stm32f427xx.o(.text)
    EXTI3_IRQHandler                         0x08000313   Thumb Code     0  startup_stm32f427xx.o(.text)
    EXTI4_IRQHandler                         0x08000313   Thumb Code     0  startup_stm32f427xx.o(.text)
    EXTI9_5_IRQHandler                       0x08000313   Thumb Code     0  startup_stm32f427xx.o(.text)
    FLASH_IRQHandler                         0x08000313   Thumb Code     0  startup_stm32f427xx.o(.text)
    FMC_IRQHandler                           0x08000313   Thumb Code     0  startup_stm32f427xx.o(.text)
    FPU_IRQHandler                           0x08000313   Thumb Code     0  startup_stm32f427xx.o(.text)
    HASH_RNG_IRQHandler                      0x08000313   Thumb Code     0  startup_stm32f427xx.o(.text)
    I2C1_ER_IRQHandler                       0x08000313   Thumb Code     0  startup_stm32f427xx.o(.text)
    I2C1_EV_IRQHandler                       0x08000313   Thumb Code     0  startup_stm32f427xx.o(.text)
    I2C2_ER_IRQHandler                       0x08000313   Thumb Code     0  startup_stm32f427xx.o(.text)
    I2C2_EV_IRQHandler                       0x08000313   Thumb Code     0  startup_stm32f427xx.o(.text)
    I2C3_ER_IRQHandler                       0x08000313   Thumb Code     0  startup_stm32f427xx.o(.text)
    I2C3_EV_IRQHandler                       0x08000313   Thumb Code     0  startup_stm32f427xx.o(.text)
    OTG_FS_IRQHandler                        0x08000313   Thumb Code     0  startup_stm32f427xx.o(.text)
    OTG_FS_WKUP_IRQHandler                   0x08000313   Thumb Code     0  startup_stm32f427xx.o(.text)
    OTG_HS_EP1_IN_IRQHandler                 0x08000313   Thumb Code     0  startup_stm32f427xx.o(.text)
    OTG_HS_EP1_OUT_IRQHandler                0x08000313   Thumb Code     0  startup_stm32f427xx.o(.text)
    OTG_HS_IRQHandler                        0x08000313   Thumb Code     0  startup_stm32f427xx.o(.text)
    OTG_HS_WKUP_IRQHandler                   0x08000313   Thumb Code     0  startup_stm32f427xx.o(.text)
    PVD_IRQHandler                           0x08000313   Thumb Code     0  startup_stm32f427xx.o(.text)
    RCC_IRQHandler                           0x08000313   Thumb Code     0  startup_stm32f427xx.o(.text)
    RTC_Alarm_IRQHandler                     0x08000313   Thumb Code     0  startup_stm32f427xx.o(.text)
    RTC_WKUP_IRQHandler                      0x08000313   Thumb Code     0  startup_stm32f427xx.o(.text)
    SAI1_IRQHandler                          0x08000313   Thumb Code     0  startup_stm32f427xx.o(.text)
    SDIO_IRQHandler                          0x08000313   Thumb Code     0  startup_stm32f427xx.o(.text)
    SPI1_IRQHandler                          0x08000313   Thumb Code     0  startup_stm32f427xx.o(.text)
    SPI2_IRQHandler                          0x08000313   Thumb Code     0  startup_stm32f427xx.o(.text)
    SPI3_IRQHandler                          0x08000313   Thumb Code     0  startup_stm32f427xx.o(.text)
    SPI4_IRQHandler                          0x08000313   Thumb Code     0  startup_stm32f427xx.o(.text)
    SPI5_IRQHandler                          0x08000313   Thumb Code     0  startup_stm32f427xx.o(.text)
    SPI6_IRQHandler                          0x08000313   Thumb Code     0  startup_stm32f427xx.o(.text)
    TAMP_STAMP_IRQHandler                    0x08000313   Thumb Code     0  startup_stm32f427xx.o(.text)
    TIM1_BRK_TIM9_IRQHandler                 0x08000313   Thumb Code     0  startup_stm32f427xx.o(.text)
    TIM1_CC_IRQHandler                       0x08000313   Thumb Code     0  startup_stm32f427xx.o(.text)
    TIM1_TRG_COM_TIM11_IRQHandler            0x08000313   Thumb Code     0  startup_stm32f427xx.o(.text)
    TIM1_UP_TIM10_IRQHandler                 0x08000313   Thumb Code     0  startup_stm32f427xx.o(.text)
    TIM2_IRQHandler                          0x08000313   Thumb Code     0  startup_stm32f427xx.o(.text)
    TIM3_IRQHandler                          0x08000313   Thumb Code     0  startup_stm32f427xx.o(.text)
    TIM4_IRQHandler                          0x08000313   Thumb Code     0  startup_stm32f427xx.o(.text)
    TIM5_IRQHandler                          0x08000313   Thumb Code     0  startup_stm32f427xx.o(.text)
    TIM7_IRQHandler                          0x08000313   Thumb Code     0  startup_stm32f427xx.o(.text)
    TIM8_BRK_TIM12_IRQHandler                0x08000313   Thumb Code     0  startup_stm32f427xx.o(.text)
    TIM8_CC_IRQHandler                       0x08000313   Thumb Code     0  startup_stm32f427xx.o(.text)
    TIM8_TRG_COM_TIM14_IRQHandler            0x08000313   Thumb Code     0  startup_stm32f427xx.o(.text)
    TIM8_UP_TIM13_IRQHandler                 0x08000313   Thumb Code     0  startup_stm32f427xx.o(.text)
    UART4_IRQHandler                         0x08000313   Thumb Code     0  startup_stm32f427xx.o(.text)
    UART5_IRQHandler                         0x08000313   Thumb Code     0  startup_stm32f427xx.o(.text)
    UART7_IRQHandler                         0x08000313   Thumb Code     0  startup_stm32f427xx.o(.text)
    UART8_IRQHandler                         0x08000313   Thumb Code     0  startup_stm32f427xx.o(.text)
    USART1_IRQHandler                        0x08000313   Thumb Code     0  startup_stm32f427xx.o(.text)
    USART3_IRQHandler                        0x08000313   Thumb Code     0  startup_stm32f427xx.o(.text)
    USART6_IRQHandler                        0x08000313   Thumb Code     0  startup_stm32f427xx.o(.text)
    WWDG_IRQHandler                          0x08000313   Thumb Code     0  startup_stm32f427xx.o(.text)
    __user_initial_stackheap                 0x08000315   Thumb Code     0  startup_stm32f427xx.o(.text)
    __aeabi_uldivmod                         0x08000339   Thumb Code     0  lludivv7m.o(.text)
    _ll_udiv                                 0x08000339   Thumb Code   238  lludivv7m.o(.text)
    vsprintf                                 0x08000429   Thumb Code    32  vsprintf.o(.text)
    strlen                                   0x0800044d   Thumb Code    62  strlen.o(.text)
    __aeabi_memclr4                          0x0800048b   Thumb Code     0  rt_memclr_w.o(.text)
    __aeabi_memclr8                          0x0800048b   Thumb Code     0  rt_memclr_w.o(.text)
    __rt_memclr_w                            0x0800048b   Thumb Code    78  rt_memclr_w.o(.text)
    _memset_w                                0x0800048f   Thumb Code     0  rt_memclr_w.o(.text)
    __use_two_region_memory                  0x080004d9   Thumb Code     2  heapauxi.o(.text)
    __rt_heap_escrow$2region                 0x080004db   Thumb Code     2  heapauxi.o(.text)
    __rt_heap_expand$2region                 0x080004dd   Thumb Code     2  heapauxi.o(.text)
    __read_errno                             0x080004df   Thumb Code    10  _rserrno.o(.text)
    __set_errno                              0x080004e9   Thumb Code    12  _rserrno.o(.text)
    _printf_pre_padding                      0x080004f5   Thumb Code    44  _printf_pad.o(.text)
    _printf_post_padding                     0x08000521   Thumb Code    34  _printf_pad.o(.text)
    _printf_truncate_signed                  0x08000543   Thumb Code    18  _printf_truncate.o(.text)
    _printf_truncate_unsigned                0x08000555   Thumb Code    18  _printf_truncate.o(.text)
    _printf_str                              0x08000567   Thumb Code    82  _printf_str.o(.text)
    _printf_int_dec                          0x080005b9   Thumb Code   104  _printf_dec.o(.text)
    _printf_charcount                        0x08000631   Thumb Code    40  _printf_charcount.o(.text)
    _printf_char_common                      0x08000663   Thumb Code    32  _printf_char_common.o(.text)
    _sputc                                   0x08000689   Thumb Code    10  _sputc.o(.text)
    _printf_wctomb                           0x08000695   Thumb Code   182  _printf_wctomb.o(.text)
    _printf_longlong_dec                     0x08000751   Thumb Code   108  _printf_longlong_dec.o(.text)
    _printf_longlong_oct                     0x080007cd   Thumb Code    66  _printf_oct_int_ll.o(.text)
    _printf_int_oct                          0x0800080f   Thumb Code    24  _printf_oct_int_ll.o(.text)
    _printf_ll_oct                           0x08000827   Thumb Code    12  _printf_oct_int_ll.o(.text)
    _printf_longlong_hex                     0x0800083d   Thumb Code    86  _printf_hex_int_ll_ptr.o(.text)
    _printf_int_hex                          0x08000893   Thumb Code    28  _printf_hex_int_ll_ptr.o(.text)
    _printf_ll_hex                           0x080008af   Thumb Code    12  _printf_hex_int_ll_ptr.o(.text)
    _printf_hex_ptr                          0x080008bb   Thumb Code    18  _printf_hex_int_ll_ptr.o(.text)
    __printf                                 0x080008d1   Thumb Code   388  __printf_flags_ss_wp.o(.text)
    __strtod_int                             0x08000a95   Thumb Code    90  strtod.o(.text)
    __aeabi_errno_addr                       0x08000afd   Thumb Code     8  rt_errno_addr_intlibspace.o(.text)
    __errno$intlibspace                      0x08000afd   Thumb Code     0  rt_errno_addr_intlibspace.o(.text)
    __rt_errno_addr$intlibspace              0x08000afd   Thumb Code     0  rt_errno_addr_intlibspace.o(.text)
    _ll_udiv10                               0x08000b05   Thumb Code   138  lludiv10.o(.text)
    isspace                                  0x08000b8f   Thumb Code    18  isspace.o(.text)
    _printf_int_common                       0x08000ba1   Thumb Code   178  _printf_intcommon.o(.text)
    __lib_sel_fp_printf                      0x08000c53   Thumb Code     2  _printf_fp_dec.o(.text)
    _printf_fp_dec_real                      0x08000e05   Thumb Code   620  _printf_fp_dec.o(.text)
    _printf_fp_hex_real                      0x08001071   Thumb Code   756  _printf_fp_hex.o(.text)
    _printf_cs_common                        0x0800136d   Thumb Code    20  _printf_char.o(.text)
    _printf_char                             0x08001381   Thumb Code    16  _printf_char.o(.text)
    _printf_string                           0x08001391   Thumb Code     8  _printf_char.o(.text)
    _printf_lcs_common                       0x08001399   Thumb Code    20  _printf_wchar.o(.text)
    _printf_wchar                            0x080013ad   Thumb Code    16  _printf_wchar.o(.text)
    _printf_wstring                          0x080013bd   Thumb Code     8  _printf_wchar.o(.text)
    _sgetc                                   0x080013c5   Thumb Code    30  _sgetc.o(.text)
    _sbackspace                              0x080013e3   Thumb Code    34  _sgetc.o(.text)
    _wcrtomb                                 0x08001405   Thumb Code    64  _wcrtomb.o(.text)
    __user_libspace                          0x08001445   Thumb Code     8  libspace.o(.text)
    __user_perproc_libspace                  0x08001445   Thumb Code     0  libspace.o(.text)
    __user_perthread_libspace                0x08001445   Thumb Code     0  libspace.o(.text)
    __user_setup_stackheap                   0x0800144d   Thumb Code    74  sys_stackheap_outer.o(.text)
    __rt_ctype_table                         0x08001499   Thumb Code    16  rt_ctype_table.o(.text)
    __rt_locale                              0x080014a9   Thumb Code     8  rt_locale_intlibspace.o(.text)
    _printf_fp_infnan                        0x080014b1   Thumb Code   112  _printf_fp_infnan.o(.text)
    _scanf_really_real                       0x0800177d   Thumb Code   684  scanf_fp.o(.text)
    _btod_etento                             0x08001a29   Thumb Code   224  bigflt0.o(.text)
    exit                                     0x08001b0d   Thumb Code    18  exit.o(.text)
    strcmp                                   0x08001b21   Thumb Code   128  strcmpv7m.o(.text)
    _sys_exit                                0x08001ba1   Thumb Code     8  sys_exit.o(.text)
    _scanf_really_hex_real                   0x08001bad   Thumb Code   786  scanf_hexfp.o(.text)
    _scanf_really_infnan                     0x08001ecd   Thumb Code   292  scanf_infnan.o(.text)
    __I$use$semihosting                      0x08002001   Thumb Code     0  use_no_semi.o(.text)
    __use_no_semihosting_swi                 0x08002001   Thumb Code     2  use_no_semi.o(.text)
    __aeabi_llsl                             0x08002003   Thumb Code     0  llshl.o(.text)
    __semihosting_library_function           0x08002003   Thumb Code     0  indicate_semi.o(.text)
    _ll_shift_l                              0x08002003   Thumb Code    38  llshl.o(.text)
    _chval                                   0x08002029   Thumb Code    28  _chval.o(.text)
    _btod_d2e                                0x08002045   Thumb Code    62  btod.o(CL$$btod_d2e)
    _d2e_denorm_low                          0x08002083   Thumb Code    70  btod.o(CL$$btod_d2e_denorm_low)
    _d2e_norm_op1                            0x080020c9   Thumb Code    96  btod.o(CL$$btod_d2e_norm_op1)
    __btod_div_common                        0x08002129   Thumb Code   696  btod.o(CL$$btod_div_common)
    _e2d                                     0x08002461   Thumb Code   122  btod.o(CL$$btod_e2d)
    _e2e                                     0x080024e5   Thumb Code   220  btod.o(CL$$btod_e2e)
    _btod_ediv                               0x080025c1   Thumb Code    42  btod.o(CL$$btod_ediv)
    _btod_edivd                              0x080025eb   Thumb Code    42  btod.o(CL$$btod_edivd)
    _btod_emul                               0x08002615   Thumb Code    42  btod.o(CL$$btod_emul)
    _btod_emuld                              0x0800263f   Thumb Code    42  btod.o(CL$$btod_emuld)
    __btod_mult_common                       0x08002669   Thumb Code   580  btod.o(CL$$btod_mult_common)
    BusFault_Handler                         0x080028ad   Thumb Code     4  stm32f4xx_it.o(i.BusFault_Handler)
    CAN1_RX0_IRQHandler                      0x080028b1   Thumb Code    10  stm32f4xx_it.o(i.CAN1_RX0_IRQHandler)
    CAN1_RX1_IRQHandler                      0x080028c1   Thumb Code    10  stm32f4xx_it.o(i.CAN1_RX1_IRQHandler)
    CAN1_SCE_IRQHandler                      0x080028d1   Thumb Code    10  stm32f4xx_it.o(i.CAN1_SCE_IRQHandler)
    CAN1_TX_IRQHandler                       0x080028e1   Thumb Code    10  stm32f4xx_it.o(i.CAN1_TX_IRQHandler)
    CAN_ReceiveMsg                           0x080028f1   Thumb Code    50  drv_can.o(i.CAN_ReceiveMsg)
    CAN_SendMsg                              0x08002923   Thumb Code    52  drv_can.o(i.CAN_SendMsg)
    DMA1_Stream5_IRQHandler                  0x08002959   Thumb Code    10  stm32f4xx_it.o(i.DMA1_Stream5_IRQHandler)
    DMA1_Stream6_IRQHandler                  0x08002969   Thumb Code    10  stm32f4xx_it.o(i.DMA1_Stream6_IRQHandler)
    DebugMon_Handler                         0x08002a83   Thumb Code     2  stm32f4xx_it.o(i.DebugMon_Handler)
    Error_Handler                            0x08002a85   Thumb Code     6  main.o(i.Error_Handler)
    HAL_CAN_AddTxMessage                     0x08002a8b   Thumb Code   330  stm32f4xx_hal_can.o(i.HAL_CAN_AddTxMessage)
    HAL_CAN_ConfigFilter                     0x08002bd5   Thumb Code   284  stm32f4xx_hal_can.o(i.HAL_CAN_ConfigFilter)
    HAL_CAN_ErrorCallback                    0x08002cf5   Thumb Code     2  stm32f4xx_hal_can.o(i.HAL_CAN_ErrorCallback)
    HAL_CAN_GetRxMessage                     0x08002cf7   Thumb Code   404  stm32f4xx_hal_can.o(i.HAL_CAN_GetRxMessage)
    HAL_CAN_IRQHandler                       0x08002e8b   Thumb Code   590  stm32f4xx_hal_can.o(i.HAL_CAN_IRQHandler)
    HAL_CAN_Init                             0x080030d9   Thumb Code   372  stm32f4xx_hal_can.o(i.HAL_CAN_Init)
    HAL_CAN_MspInit                          0x0800324d   Thumb Code   360  can.o(i.HAL_CAN_MspInit)
    HAL_CAN_RxFifo0FullCallback              0x080033cd   Thumb Code     2  stm32f4xx_hal_can.o(i.HAL_CAN_RxFifo0FullCallback)
    HAL_CAN_RxFifo0MsgPendingCallback        0x080033d1   Thumb Code    18  tsk_callback.o(i.HAL_CAN_RxFifo0MsgPendingCallback)
    HAL_CAN_RxFifo1FullCallback              0x080033ed   Thumb Code     2  stm32f4xx_hal_can.o(i.HAL_CAN_RxFifo1FullCallback)
    HAL_CAN_RxFifo1MsgPendingCallback        0x080033ef   Thumb Code     2  stm32f4xx_hal_can.o(i.HAL_CAN_RxFifo1MsgPendingCallback)
    HAL_CAN_SleepCallback                    0x080033f1   Thumb Code     2  stm32f4xx_hal_can.o(i.HAL_CAN_SleepCallback)
    HAL_CAN_Start                            0x080033f3   Thumb Code    94  stm32f4xx_hal_can.o(i.HAL_CAN_Start)
    HAL_CAN_TxMailbox0AbortCallback          0x08003451   Thumb Code     2  stm32f4xx_hal_can.o(i.HAL_CAN_TxMailbox0AbortCallback)
    HAL_CAN_TxMailbox0CompleteCallback       0x08003453   Thumb Code     2  stm32f4xx_hal_can.o(i.HAL_CAN_TxMailbox0CompleteCallback)
    HAL_CAN_TxMailbox1AbortCallback          0x08003455   Thumb Code     2  stm32f4xx_hal_can.o(i.HAL_CAN_TxMailbox1AbortCallback)
    HAL_CAN_TxMailbox1CompleteCallback       0x08003457   Thumb Code     2  stm32f4xx_hal_can.o(i.HAL_CAN_TxMailbox1CompleteCallback)
    HAL_CAN_TxMailbox2AbortCallback          0x08003459   Thumb Code     2  stm32f4xx_hal_can.o(i.HAL_CAN_TxMailbox2AbortCallback)
    HAL_CAN_TxMailbox2CompleteCallback       0x0800345b   Thumb Code     2  stm32f4xx_hal_can.o(i.HAL_CAN_TxMailbox2CompleteCallback)
    HAL_CAN_WakeUpFromRxMsgCallback          0x0800345d   Thumb Code     2  stm32f4xx_hal_can.o(i.HAL_CAN_WakeUpFromRxMsgCallback)
    HAL_DMA_Abort                            0x0800345f   Thumb Code   172  stm32f4xx_hal_dma.o(i.HAL_DMA_Abort)
    HAL_DMA_Abort_IT                         0x0800350b   Thumb Code    40  stm32f4xx_hal_dma.o(i.HAL_DMA_Abort_IT)
    HAL_DMA_IRQHandler                       0x08003535   Thumb Code   570  stm32f4xx_hal_dma.o(i.HAL_DMA_IRQHandler)
    HAL_DMA_Init                             0x08003775   Thumb Code   232  stm32f4xx_hal_dma.o(i.HAL_DMA_Init)
    HAL_DMA_Start_IT                         0x08003861   Thumb Code   146  stm32f4xx_hal_dma.o(i.HAL_DMA_Start_IT)
    HAL_GPIO_Init                            0x080038f5   Thumb Code   474  stm32f4xx_hal_gpio.o(i.HAL_GPIO_Init)
    HAL_GPIO_WritePin                        0x08003b05   Thumb Code    12  stm32f4xx_hal_gpio.o(i.HAL_GPIO_WritePin)
    HAL_GetTick                              0x08003b11   Thumb Code     6  stm32f4xx_hal.o(i.HAL_GetTick)
    HAL_IncTick                              0x08003b1d   Thumb Code    16  stm32f4xx_hal.o(i.HAL_IncTick)
    HAL_Init                                 0x08003b35   Thumb Code    54  stm32f4xx_hal.o(i.HAL_Init)
    HAL_InitTick                             0x08003b71   Thumb Code    64  stm32f4xx_hal.o(i.HAL_InitTick)
    HAL_MspInit                              0x08003bbd   Thumb Code    68  stm32f4xx_hal_msp.o(i.HAL_MspInit)
    HAL_NVIC_EnableIRQ                       0x08003c05   Thumb Code    40  stm32f4xx_hal_cortex.o(i.HAL_NVIC_EnableIRQ)
    HAL_NVIC_SetPriority                     0x08003c2d   Thumb Code   124  stm32f4xx_hal_cortex.o(i.HAL_NVIC_SetPriority)
    HAL_NVIC_SetPriorityGrouping             0x08003ca9   Thumb Code    32  stm32f4xx_hal_cortex.o(i.HAL_NVIC_SetPriorityGrouping)
    HAL_PWREx_EnableOverDrive                0x08003cd1   Thumb Code   128  stm32f4xx_hal_pwr_ex.o(i.HAL_PWREx_EnableOverDrive)
    HAL_RCC_ClockConfig                      0x08003d5d   Thumb Code   368  stm32f4xx_hal_rcc.o(i.HAL_RCC_ClockConfig)
    HAL_RCC_GetHCLKFreq                      0x08003ee1   Thumb Code     6  stm32f4xx_hal_rcc.o(i.HAL_RCC_GetHCLKFreq)
    HAL_RCC_GetPCLK1Freq                     0x08003eed   Thumb Code    22  stm32f4xx_hal_rcc.o(i.HAL_RCC_GetPCLK1Freq)
    HAL_RCC_GetPCLK2Freq                     0x08003f0d   Thumb Code    22  stm32f4xx_hal_rcc.o(i.HAL_RCC_GetPCLK2Freq)
    HAL_RCC_GetSysClockFreq                  0x08003f2d   Thumb Code   162  stm32f4xx_hal_rcc.o(i.HAL_RCC_GetSysClockFreq)
    HAL_RCC_OscConfig                        0x08003fdd   Thumb Code  1172  stm32f4xx_hal_rcc.o(i.HAL_RCC_OscConfig)
    HAL_SPI_Init                             0x08004479   Thumb Code   200  stm32f4xx_hal_spi.o(i.HAL_SPI_Init)
    HAL_SPI_MspInit                          0x08004541   Thumb Code   124  spi.o(i.HAL_SPI_MspInit)
    HAL_SYSTICK_Config                       0x080045c9   Thumb Code    52  stm32f4xx_hal_cortex.o(i.HAL_SYSTICK_Config)
    HAL_TIMEx_BreakCallback                  0x080045fd   Thumb Code     2  stm32f4xx_hal_tim_ex.o(i.HAL_TIMEx_BreakCallback)
    HAL_TIMEx_CommutCallback                 0x080045ff   Thumb Code     2  stm32f4xx_hal_tim_ex.o(i.HAL_TIMEx_CommutCallback)
    HAL_TIMEx_MasterConfigSynchronization    0x08004601   Thumb Code   150  stm32f4xx_hal_tim_ex.o(i.HAL_TIMEx_MasterConfigSynchronization)
    HAL_TIM_Base_Init                        0x080046b5   Thumb Code   102  stm32f4xx_hal_tim.o(i.HAL_TIM_Base_Init)
    HAL_TIM_Base_MspInit                     0x0800471d   Thumb Code    62  tim.o(i.HAL_TIM_Base_MspInit)
    HAL_TIM_IC_CaptureCallback               0x08004765   Thumb Code     2  stm32f4xx_hal_tim.o(i.HAL_TIM_IC_CaptureCallback)
    HAL_TIM_IRQHandler                       0x08004767   Thumb Code   364  stm32f4xx_hal_tim.o(i.HAL_TIM_IRQHandler)
    HAL_TIM_OC_DelayElapsedCallback          0x080048d3   Thumb Code     2  stm32f4xx_hal_tim.o(i.HAL_TIM_OC_DelayElapsedCallback)
    HAL_TIM_PWM_PulseFinishedCallback        0x080048d5   Thumb Code     2  stm32f4xx_hal_tim.o(i.HAL_TIM_PWM_PulseFinishedCallback)
    HAL_TIM_PeriodElapsedCallback            0x080048d9   Thumb Code    36  tsk_callback.o(i.HAL_TIM_PeriodElapsedCallback)
    HAL_TIM_TriggerCallback                  0x08004909   Thumb Code     2  stm32f4xx_hal_tim.o(i.HAL_TIM_TriggerCallback)
    HAL_UARTEx_ReceiveToIdle_DMA             0x0800490b   Thumb Code   112  stm32f4xx_hal_uart.o(i.HAL_UARTEx_ReceiveToIdle_DMA)
    HAL_UARTEx_RxEventCallback               0x0800497b   Thumb Code    16  tsk_callback.o(i.HAL_UARTEx_RxEventCallback)
    HAL_UART_ErrorCallback                   0x0800498b   Thumb Code     2  stm32f4xx_hal_uart.o(i.HAL_UART_ErrorCallback)
    HAL_UART_IRQHandler                      0x0800498d   Thumb Code   772  stm32f4xx_hal_uart.o(i.HAL_UART_IRQHandler)
    HAL_UART_Init                            0x08004c95   Thumb Code   118  stm32f4xx_hal_uart.o(i.HAL_UART_Init)
    HAL_UART_MspInit                         0x08004d0d   Thumb Code   264  usart.o(i.HAL_UART_MspInit)
    HAL_UART_RxCpltCallback                  0x08004e2d   Thumb Code     2  stm32f4xx_hal_uart.o(i.HAL_UART_RxCpltCallback)
    HAL_UART_RxHalfCpltCallback              0x08004e2f   Thumb Code     2  stm32f4xx_hal_uart.o(i.HAL_UART_RxHalfCpltCallback)
    HAL_UART_Transmit_DMA                    0x08004e31   Thumb Code   144  stm32f4xx_hal_uart.o(i.HAL_UART_Transmit_DMA)
    HAL_UART_TxCpltCallback                  0x08004ecd   Thumb Code     2  stm32f4xx_hal_uart.o(i.HAL_UART_TxCpltCallback)
    HAL_UART_TxHalfCpltCallback              0x08004ecf   Thumb Code     2  stm32f4xx_hal_uart.o(i.HAL_UART_TxHalfCpltCallback)
    HardFault_Handler                        0x08004ed1   Thumb Code     4  stm32f4xx_it.o(i.HardFault_Handler)
    MX_CAN1_Init                             0x08004ed5   Thumb Code    60  can.o(i.MX_CAN1_Init)
    MX_CAN2_Init                             0x08004f19   Thumb Code    66  can.o(i.MX_CAN2_Init)
    MX_DMA_Init                              0x08004f65   Thumb Code    68  dma.o(i.MX_DMA_Init)
    MX_GPIO_Init                             0x08004fad   Thumb Code   368  gpio.o(i.MX_GPIO_Init)
    MX_SPI5_Init                             0x08005131   Thumb Code    58  spi.o(i.MX_SPI5_Init)
    MX_TIM6_Init                             0x08005175   Thumb Code    66  tim.o(i.MX_TIM6_Init)
    MX_USART2_UART_Init                      0x080051c1   Thumb Code    46  usart.o(i.MX_USART2_UART_Init)
    MemManage_Handler                        0x080051f9   Thumb Code     4  stm32f4xx_it.o(i.MemManage_Handler)
    Motor_GetParam                           0x080051fd   Thumb Code   186  dvc_motor.o(i.Motor_GetParam)
    Motor_Init                               0x080052c5   Thumb Code   178  dvc_motor.o(i.Motor_Init)
    Motor_SetCurrentMap                      0x08005385   Thumb Code   136  dvc_motor.o(i.Motor_SetCurrentMap)
    Motor_SetTargetRPM                       0x08005415   Thumb Code   124  dvc_motor.o(i.Motor_SetTargetRPM)
    NMI_Handler                              0x08005499   Thumb Code     4  stm32f4xx_it.o(i.NMI_Handler)
    PID_ParseSerialPack                      0x0800549d   Thumb Code   190  alg_pid.o(i.PID_ParseSerialPack)
    PID_SetParam                             0x0800555b   Thumb Code    14  alg_pid.o(i.PID_SetParam)
    PID_Update                               0x08005569   Thumb Code   342  alg_pid.o(i.PID_Update)
    PendSV_Handler                           0x080056c5   Thumb Code     2  stm32f4xx_it.o(i.PendSV_Handler)
    SVC_Handler                              0x080056c7   Thumb Code     2  stm32f4xx_it.o(i.SVC_Handler)
    Serial_Printf_DMA                        0x080056c9   Thumb Code    52  drv_serial.o(i.Serial_Printf_DMA)
    Serial_RxDMA_Init                        0x080056fd   Thumb Code    32  drv_serial.o(i.Serial_RxDMA_Init)
    Serial_RxEventCallback                   0x08005721   Thumb Code    56  drv_serial.o(i.Serial_RxEventCallback)
    SysTick_Handler                          0x08005769   Thumb Code     8  stm32f4xx_it.o(i.SysTick_Handler)
    SystemClock_Config                       0x08005771   Thumb Code   180  main.o(i.SystemClock_Config)
    SystemInit                               0x0800582d   Thumb Code    14  system_stm32f4xx.o(i.SystemInit)
    TIM6_DAC_IRQHandler                      0x08005841   Thumb Code    10  stm32f4xx_it.o(i.TIM6_DAC_IRQHandler)
    TIM_Base_SetConfig                       0x08005851   Thumb Code   178  stm32f4xx_hal_tim.o(i.TIM_Base_SetConfig)
    UART_Start_Receive_DMA                   0x08005ead   Thumb Code   202  stm32f4xx_hal_uart.o(i.UART_Start_Receive_DMA)
    USART2_IRQHandler                        0x08005fe5   Thumb Code    10  stm32f4xx_it.o(i.USART2_IRQHandler)
    UsageFault_Handler                       0x08005ff5   Thumb Code     4  stm32f4xx_it.o(i.UsageFault_Handler)
    __ARM_fpclassify                         0x08005ff9   Thumb Code    48  fpclassify.o(i.__ARM_fpclassify)
    __hardfp___mathlib_tofloat               0x08006061   Thumb Code   232  narrow.o(i.__hardfp___mathlib_tofloat)
    __hardfp_atof                            0x08006159   Thumb Code    44  atof.o(i.__hardfp_atof)
    __hardfp_ldexp                           0x08006191   Thumb Code   200  ldexp.o(i.__hardfp_ldexp)
    __mathlib_dbl_overflow                   0x08006261   Thumb Code    24  dunder.o(i.__mathlib_dbl_overflow)
    __mathlib_dbl_underflow                  0x08006281   Thumb Code    24  dunder.o(i.__mathlib_dbl_underflow)
    __mathlib_narrow                         0x080062a1   Thumb Code    18  narrow.o(i.__mathlib_narrow)
    __support_ldexp                          0x080062b3   Thumb Code    20  ldexp.o(i.__support_ldexp)
    _is_digit                                0x080062c7   Thumb Code    14  __printf_wp.o(i._is_digit)
    frexp                                    0x080062d9   Thumb Code   118  frexp.o(i.frexp)
    loop                                     0x08006365   Thumb Code   400  tsk_main.o(i.loop)
    main                                     0x0800654d   Thumb Code    48  main.o(i.main)
    setup                                    0x0800657d   Thumb Code    34  tsk_main.o(i.setup)
    _get_lc_numeric                          0x080065b5   Thumb Code    44  lc_numeric_c.o(locale$$code)
    _get_lc_ctype                            0x080065e1   Thumb Code    44  lc_ctype_c.o(locale$$code)
    __aeabi_d2f                              0x0800660d   Thumb Code     0  d2f.o(x$fpl$d2f)
    _d2f                                     0x0800660d   Thumb Code    98  d2f.o(x$fpl$d2f)
    __fpl_dcheck_NaN1                        0x08006671   Thumb Code    10  dcheck1.o(x$fpl$dcheck1)
    __fpl_dcmp_Inf                           0x08006681   Thumb Code    24  dcmpi.o(x$fpl$dcmpinf)
    __aeabi_cdcmpeq                          0x08006699   Thumb Code     0  deqf.o(x$fpl$deqf)
    _dcmpeq                                  0x08006699   Thumb Code   120  deqf.o(x$fpl$deqf)
    __aeabi_cdcmple                          0x08006711   Thumb Code     0  dleqf.o(x$fpl$dleqf)
    _dcmple                                  0x08006711   Thumb Code   120  dleqf.o(x$fpl$dleqf)
    __fpl_dcmple_InfNaN                      0x08006773   Thumb Code     0  dleqf.o(x$fpl$dleqf)
    __aeabi_dmul                             0x08006789   Thumb Code     0  dmul.o(x$fpl$dmul)
    _dmul                                    0x08006789   Thumb Code   332  dmul.o(x$fpl$dmul)
    __fpl_dnaninf                            0x080068dd   Thumb Code   156  dnaninf.o(x$fpl$dnaninf)
    __fpl_dretinf                            0x08006979   Thumb Code    12  dretinf.o(x$fpl$dretinf)
    __aeabi_cdrcmple                         0x08006985   Thumb Code     0  drleqf.o(x$fpl$drleqf)
    _drcmple                                 0x08006985   Thumb Code   108  drleqf.o(x$fpl$drleqf)
    __aeabi_f2d                              0x080069f1   Thumb Code     0  f2d.o(x$fpl$f2d)
    _f2d                                     0x080069f1   Thumb Code    86  f2d.o(x$fpl$f2d)
    __fpl_fnaninf                            0x08006a47   Thumb Code   140  fnaninf.o(x$fpl$fnaninf)
    _fp_init                                 0x08006ad3   Thumb Code    10  fpinit.o(x$fpl$fpinit)
    __fplib_config_fpu_vfp                   0x08006adb   Thumb Code     0  fpinit.o(x$fpl$fpinit)
    __fplib_config_pureend_doubles           0x08006adb   Thumb Code     0  fpinit.o(x$fpl$fpinit)
    __fpl_fretinf                            0x08006add   Thumb Code    10  fretinf.o(x$fpl$fretinf)
    __ieee_status                            0x08006ae7   Thumb Code     6  istatus.o(x$fpl$ieeestatus)
    _printf_fp_dec                           0x08006aed   Thumb Code     4  printf1.o(x$fpl$printf1)
    _printf_fp_hex                           0x08006af1   Thumb Code     4  printf2.o(x$fpl$printf2)
    __fpl_return_NaN                         0x08006af5   Thumb Code   100  retnan.o(x$fpl$retnan)
    __ARM_scalbn                             0x08006b59   Thumb Code    92  scalbn.o(x$fpl$scalbn)
    _scanf_real                              0x08006bb5   Thumb Code     4  scanf1.o(x$fpl$scanf1)
    _scanf_hex_real                          0x08006bb9   Thumb Code     4  scanf2.o(x$fpl$scanf2)
    _scanf_infnan                            0x08006bbd   Thumb Code     4  scanf2.o(x$fpl$scanf2)
    __fpl_cmpreturn                          0x08006bc1   Thumb Code    48  trapv.o(x$fpl$trapveneer)
    __I$use$fp                               0x08006bf0   Number         0  usenofp.o(x$fpl$usenofp)
    AHBPrescTable                            0x08006bf8   Data          16  system_stm32f4xx.o(.constdata)
    APBPrescTable                            0x08006c08   Data           8  system_stm32f4xx.o(.constdata)
    Region$$Table$$Base                      0x08006d0c   Number         0  anon$$obj.o(Region$$Table)
    Region$$Table$$Limit                     0x08006d2c   Number         0  anon$$obj.o(Region$$Table)
    __aeabi_HUGE_VAL                         0x08006d2c   Data           0  fpconst.o(c$$dinf)
    __aeabi_HUGE_VALL                        0x08006d2c   Data           0  fpconst.o(c$$dinf)
    __aeabi_INFINITY                         0x08006d2c   Data           0  fpconst.o(c$$dinf)
    __dInf                                   0x08006d2c   Data           0  fpconst.o(c$$dinf)
    __huge_val                               0x08006d2c   Data           0  fpconst.o(c$$dinf)
    __dbl_max                                0x08006d34   Data           0  fpconst.o(c$$dmax)
    __ctype                                  0x08006d65   Data           0  lc_ctype_c.o(locale$$data)
    uwTick                                   0x20000004   Data           4  stm32f4xx_hal.o(.data)
    uwTickPrio                               0x20000008   Data           4  stm32f4xx_hal.o(.data)
    uwTickFreq                               0x2000000c   Data           1  stm32f4xx_hal.o(.data)
    SystemCoreClock                          0x20000010   Data           4  system_stm32f4xx.o(.data)
    can_tx_packet                            0x20000014   Data           8  drv_can.o(.data)
    can_rx_packet                            0x2000001c   Data           8  drv_can.o(.data)
    can_rx_flag                              0x20000024   Data           1  drv_can.o(.data)
    can_rx_id                                0x20000028   Data           4  drv_can.o(.data)
    serial_rx_flag                           0x2000002c   Data           1  drv_serial.o(.data)
    hmotor1                                  0x2000007c   Data          36  dvc_motor.o(.data)
    pid_motor_flag                           0x200000a8   Data           1  tsk_callback.o(.data)
    hcan1                                    0x200000ac   Data          40  can.o(.bss)
    hcan2                                    0x200000d4   Data          40  can.o(.bss)
    hspi5                                    0x200000fc   Data          88  spi.o(.bss)
    htim6                                    0x20000154   Data          72  tim.o(.bss)
    huart2                                   0x2000019c   Data          72  usart.o(.bss)
    hdma_usart2_rx                           0x200001e4   Data          96  usart.o(.bss)
    hdma_usart2_tx                           0x20000244   Data          96  usart.o(.bss)
    serial_tx_packet                         0x200002a4   Data         100  drv_serial.o(.bss)
    serial_rx_packet                         0x20000308   Data         100  drv_serial.o(.bss)
    hmotor                                   0x20000618   Data         324  dvc_motor.o(.bss)
    __libspace_start                         0x2000075c   Data          96  libspace.o(.bss)
    __temporary_stack_top$libspace           0x200007bc   Data           0  libspace.o(.bss)



==============================================================================

Memory Map of the image

  Image Entry point : 0x080001ad

  Load Region LR_IROM1 (Base: 0x08000000, Size: 0x00006f14, Max: 0x00200000, ABSOLUTE)

    Execution Region ER_IROM1 (Exec base: 0x08000000, Load base: 0x08000000, Size: 0x00006e68, Max: 0x00200000, ABSOLUTE)

    Exec Addr    Load Addr    Size         Type   Attr      Idx    E Section Name        Object

    0x08000000   0x08000000   0x000001ac   Data   RO            3    RESET               startup_stm32f427xx.o
    0x080001ac   0x080001ac   0x00000008   Code   RO         4120  * !!!main             c_w.l(__main.o)
    0x080001b4   0x080001b4   0x00000034   Code   RO         4577    !!!scatter          c_w.l(__scatter.o)
    0x080001e8   0x080001e8   0x0000001a   Code   RO         4579    !!handler_copy      c_w.l(__scatter_copy.o)
    0x08000202   0x08000202   0x00000002   PAD
    0x08000204   0x08000204   0x0000001c   Code   RO         4581    !!handler_zi        c_w.l(__scatter_zi.o)
    0x08000220   0x08000220   0x00000000   Code   RO         4220    .ARM.Collect$$_printf_percent$$00000000  c_w.l(_printf_percent.o)
    0x08000220   0x08000220   0x00000006   Code   RO         4209    .ARM.Collect$$_printf_percent$$00000001  c_w.l(_printf_n.o)
    0x08000226   0x08000226   0x00000006   Code   RO         4211    .ARM.Collect$$_printf_percent$$00000002  c_w.l(_printf_p.o)
    0x0800022c   0x0800022c   0x00000006   Code   RO         4216    .ARM.Collect$$_printf_percent$$00000003  c_w.l(_printf_f.o)
    0x08000232   0x08000232   0x00000006   Code   RO         4217    .ARM.Collect$$_printf_percent$$00000004  c_w.l(_printf_e.o)
    0x08000238   0x08000238   0x00000006   Code   RO         4218    .ARM.Collect$$_printf_percent$$00000005  c_w.l(_printf_g.o)
    0x0800023e   0x0800023e   0x00000006   Code   RO         4219    .ARM.Collect$$_printf_percent$$00000006  c_w.l(_printf_a.o)
    0x08000244   0x08000244   0x0000000a   Code   RO         4224    .ARM.Collect$$_printf_percent$$00000007  c_w.l(_printf_ll.o)
    0x0800024e   0x0800024e   0x00000006   Code   RO         4213    .ARM.Collect$$_printf_percent$$00000008  c_w.l(_printf_i.o)
    0x08000254   0x08000254   0x00000006   Code   RO         4214    .ARM.Collect$$_printf_percent$$00000009  c_w.l(_printf_d.o)
    0x0800025a   0x0800025a   0x00000006   Code   RO         4215    .ARM.Collect$$_printf_percent$$0000000A  c_w.l(_printf_u.o)
    0x08000260   0x08000260   0x00000006   Code   RO         4212    .ARM.Collect$$_printf_percent$$0000000B  c_w.l(_printf_o.o)
    0x08000266   0x08000266   0x00000006   Code   RO         4210    .ARM.Collect$$_printf_percent$$0000000C  c_w.l(_printf_x.o)
    0x0800026c   0x0800026c   0x00000006   Code   RO         4221    .ARM.Collect$$_printf_percent$$0000000D  c_w.l(_printf_lli.o)
    0x08000272   0x08000272   0x00000006   Code   RO         4222    .ARM.Collect$$_printf_percent$$0000000E  c_w.l(_printf_lld.o)
    0x08000278   0x08000278   0x00000006   Code   RO         4223    .ARM.Collect$$_printf_percent$$0000000F  c_w.l(_printf_llu.o)
    0x0800027e   0x0800027e   0x00000006   Code   RO         4228    .ARM.Collect$$_printf_percent$$00000010  c_w.l(_printf_llo.o)
    0x08000284   0x08000284   0x00000006   Code   RO         4229    .ARM.Collect$$_printf_percent$$00000011  c_w.l(_printf_llx.o)
    0x0800028a   0x0800028a   0x0000000a   Code   RO         4225    .ARM.Collect$$_printf_percent$$00000012  c_w.l(_printf_l.o)
    0x08000294   0x08000294   0x00000006   Code   RO         4207    .ARM.Collect$$_printf_percent$$00000013  c_w.l(_printf_c.o)
    0x0800029a   0x0800029a   0x00000006   Code   RO         4208    .ARM.Collect$$_printf_percent$$00000014  c_w.l(_printf_s.o)
    0x080002a0   0x080002a0   0x00000006   Code   RO         4226    .ARM.Collect$$_printf_percent$$00000015  c_w.l(_printf_lc.o)
    0x080002a6   0x080002a6   0x00000006   Code   RO         4227    .ARM.Collect$$_printf_percent$$00000016  c_w.l(_printf_ls.o)
    0x080002ac   0x080002ac   0x00000004   Code   RO         4288    .ARM.Collect$$_printf_percent$$00000017  c_w.l(_printf_percent_end.o)
    0x080002b0   0x080002b0   0x00000002   Code   RO         4352    .ARM.Collect$$libinit$$00000000  c_w.l(libinit.o)
    0x080002b2   0x080002b2   0x00000004   Code   RO         4353    .ARM.Collect$$libinit$$00000001  c_w.l(libinit2.o)
    0x080002b6   0x080002b6   0x00000000   Code   RO         4356    .ARM.Collect$$libinit$$00000004  c_w.l(libinit2.o)
    0x080002b6   0x080002b6   0x00000000   Code   RO         4359    .ARM.Collect$$libinit$$0000000A  c_w.l(libinit2.o)
    0x080002b6   0x080002b6   0x00000000   Code   RO         4361    .ARM.Collect$$libinit$$0000000C  c_w.l(libinit2.o)
    0x080002b6   0x080002b6   0x00000000   Code   RO         4363    .ARM.Collect$$libinit$$0000000E  c_w.l(libinit2.o)
    0x080002b6   0x080002b6   0x00000006   Code   RO         4364    .ARM.Collect$$libinit$$0000000F  c_w.l(libinit2.o)
    0x080002bc   0x080002bc   0x00000000   Code   RO         4366    .ARM.Collect$$libinit$$00000011  c_w.l(libinit2.o)
    0x080002bc   0x080002bc   0x0000000c   Code   RO         4367    .ARM.Collect$$libinit$$00000012  c_w.l(libinit2.o)
    0x080002c8   0x080002c8   0x00000000   Code   RO         4368    .ARM.Collect$$libinit$$00000013  c_w.l(libinit2.o)
    0x080002c8   0x080002c8   0x00000000   Code   RO         4370    .ARM.Collect$$libinit$$00000015  c_w.l(libinit2.o)
    0x080002c8   0x080002c8   0x0000000a   Code   RO         4371    .ARM.Collect$$libinit$$00000016  c_w.l(libinit2.o)
    0x080002d2   0x080002d2   0x00000000   Code   RO         4372    .ARM.Collect$$libinit$$00000017  c_w.l(libinit2.o)
    0x080002d2   0x080002d2   0x00000000   Code   RO         4374    .ARM.Collect$$libinit$$00000019  c_w.l(libinit2.o)
    0x080002d2   0x080002d2   0x00000000   Code   RO         4376    .ARM.Collect$$libinit$$0000001B  c_w.l(libinit2.o)
    0x080002d2   0x080002d2   0x00000000   Code   RO         4378    .ARM.Collect$$libinit$$0000001D  c_w.l(libinit2.o)
    0x080002d2   0x080002d2   0x00000000   Code   RO         4380    .ARM.Collect$$libinit$$0000001F  c_w.l(libinit2.o)
    0x080002d2   0x080002d2   0x00000000   Code   RO         4382    .ARM.Collect$$libinit$$00000021  c_w.l(libinit2.o)
    0x080002d2   0x080002d2   0x00000000   Code   RO         4384    .ARM.Collect$$libinit$$00000023  c_w.l(libinit2.o)
    0x080002d2   0x080002d2   0x00000000   Code   RO         4386    .ARM.Collect$$libinit$$00000025  c_w.l(libinit2.o)
    0x080002d2   0x080002d2   0x00000000   Code   RO         4390    .ARM.Collect$$libinit$$0000002C  c_w.l(libinit2.o)
    0x080002d2   0x080002d2   0x00000000   Code   RO         4392    .ARM.Collect$$libinit$$0000002E  c_w.l(libinit2.o)
    0x080002d2   0x080002d2   0x00000000   Code   RO         4394    .ARM.Collect$$libinit$$00000030  c_w.l(libinit2.o)
    0x080002d2   0x080002d2   0x00000000   Code   RO         4396    .ARM.Collect$$libinit$$00000032  c_w.l(libinit2.o)
    0x080002d2   0x080002d2   0x00000002   Code   RO         4397    .ARM.Collect$$libinit$$00000033  c_w.l(libinit2.o)
    0x080002d4   0x080002d4   0x00000002   Code   RO         4487    .ARM.Collect$$libshutdown$$00000000  c_w.l(libshutdown.o)
    0x080002d6   0x080002d6   0x00000000   Code   RO         4527    .ARM.Collect$$libshutdown$$00000002  c_w.l(libshutdown2.o)
    0x080002d6   0x080002d6   0x00000000   Code   RO         4529    .ARM.Collect$$libshutdown$$00000004  c_w.l(libshutdown2.o)
    0x080002d6   0x080002d6   0x00000000   Code   RO         4532    .ARM.Collect$$libshutdown$$00000007  c_w.l(libshutdown2.o)
    0x080002d6   0x080002d6   0x00000000   Code   RO         4535    .ARM.Collect$$libshutdown$$0000000A  c_w.l(libshutdown2.o)
    0x080002d6   0x080002d6   0x00000000   Code   RO         4537    .ARM.Collect$$libshutdown$$0000000C  c_w.l(libshutdown2.o)
    0x080002d6   0x080002d6   0x00000000   Code   RO         4540    .ARM.Collect$$libshutdown$$0000000F  c_w.l(libshutdown2.o)
    0x080002d6   0x080002d6   0x00000002   Code   RO         4541    .ARM.Collect$$libshutdown$$00000010  c_w.l(libshutdown2.o)
    0x080002d8   0x080002d8   0x00000000   Code   RO         4132    .ARM.Collect$$rtentry$$00000000  c_w.l(__rtentry.o)
    0x080002d8   0x080002d8   0x00000000   Code   RO         4250    .ARM.Collect$$rtentry$$00000002  c_w.l(__rtentry2.o)
    0x080002d8   0x080002d8   0x00000006   Code   RO         4262    .ARM.Collect$$rtentry$$00000004  c_w.l(__rtentry4.o)
    0x080002de   0x080002de   0x00000000   Code   RO         4252    .ARM.Collect$$rtentry$$00000009  c_w.l(__rtentry2.o)
    0x080002de   0x080002de   0x00000004   Code   RO         4253    .ARM.Collect$$rtentry$$0000000A  c_w.l(__rtentry2.o)
    0x080002e2   0x080002e2   0x00000000   Code   RO         4255    .ARM.Collect$$rtentry$$0000000C  c_w.l(__rtentry2.o)
    0x080002e2   0x080002e2   0x00000008   Code   RO         4256    .ARM.Collect$$rtentry$$0000000D  c_w.l(__rtentry2.o)
    0x080002ea   0x080002ea   0x00000002   Code   RO         4402    .ARM.Collect$$rtexit$$00000000  c_w.l(rtexit.o)
    0x080002ec   0x080002ec   0x00000000   Code   RO         4438    .ARM.Collect$$rtexit$$00000002  c_w.l(rtexit2.o)
    0x080002ec   0x080002ec   0x00000004   Code   RO         4439    .ARM.Collect$$rtexit$$00000003  c_w.l(rtexit2.o)
    0x080002f0   0x080002f0   0x00000006   Code   RO         4440    .ARM.Collect$$rtexit$$00000004  c_w.l(rtexit2.o)
    0x080002f6   0x080002f6   0x00000002   PAD
    0x080002f8   0x080002f8   0x00000040   Code   RO            4    .text               startup_stm32f427xx.o
    0x08000338   0x08000338   0x000000ee   Code   RO         4110    .text               c_w.l(lludivv7m.o)
    0x08000426   0x08000426   0x00000002   PAD
    0x08000428   0x08000428   0x00000024   Code   RO         4112    .text               c_w.l(vsprintf.o)
    0x0800044c   0x0800044c   0x0000003e   Code   RO         4114    .text               c_w.l(strlen.o)
    0x0800048a   0x0800048a   0x0000004e   Code   RO         4116    .text               c_w.l(rt_memclr_w.o)
    0x080004d8   0x080004d8   0x00000006   Code   RO         4118    .text               c_w.l(heapauxi.o)
    0x080004de   0x080004de   0x00000016   Code   RO         4137    .text               c_w.l(_rserrno.o)
    0x080004f4   0x080004f4   0x0000004e   Code   RO         4141    .text               c_w.l(_printf_pad.o)
    0x08000542   0x08000542   0x00000024   Code   RO         4143    .text               c_w.l(_printf_truncate.o)
    0x08000566   0x08000566   0x00000052   Code   RO         4145    .text               c_w.l(_printf_str.o)
    0x080005b8   0x080005b8   0x00000078   Code   RO         4147    .text               c_w.l(_printf_dec.o)
    0x08000630   0x08000630   0x00000028   Code   RO         4149    .text               c_w.l(_printf_charcount.o)
    0x08000658   0x08000658   0x00000030   Code   RO         4151    .text               c_w.l(_printf_char_common.o)
    0x08000688   0x08000688   0x0000000a   Code   RO         4153    .text               c_w.l(_sputc.o)
    0x08000692   0x08000692   0x00000002   PAD
    0x08000694   0x08000694   0x000000bc   Code   RO         4155    .text               c_w.l(_printf_wctomb.o)
    0x08000750   0x08000750   0x0000007c   Code   RO         4158    .text               c_w.l(_printf_longlong_dec.o)
    0x080007cc   0x080007cc   0x00000070   Code   RO         4164    .text               c_w.l(_printf_oct_int_ll.o)
    0x0800083c   0x0800083c   0x00000094   Code   RO         4184    .text               c_w.l(_printf_hex_int_ll_ptr.o)
    0x080008d0   0x080008d0   0x00000188   Code   RO         4204    .text               c_w.l(__printf_flags_ss_wp.o)
    0x08000a58   0x08000a58   0x000000a4   Code   RO         4230    .text               c_w.l(strtod.o)
    0x08000afc   0x08000afc   0x00000008   Code   RO         4269    .text               c_w.l(rt_errno_addr_intlibspace.o)
    0x08000b04   0x08000b04   0x0000008a   Code   RO         4271    .text               c_w.l(lludiv10.o)
    0x08000b8e   0x08000b8e   0x00000012   Code   RO         4273    .text               c_w.l(isspace.o)
    0x08000ba0   0x08000ba0   0x000000b2   Code   RO         4275    .text               c_w.l(_printf_intcommon.o)
    0x08000c52   0x08000c52   0x0000041e   Code   RO         4277    .text               c_w.l(_printf_fp_dec.o)
    0x08001070   0x08001070   0x000002fc   Code   RO         4279    .text               c_w.l(_printf_fp_hex.o)
    0x0800136c   0x0800136c   0x0000002c   Code   RO         4284    .text               c_w.l(_printf_char.o)
    0x08001398   0x08001398   0x0000002c   Code   RO         4286    .text               c_w.l(_printf_wchar.o)
    0x080013c4   0x080013c4   0x00000040   Code   RO         4289    .text               c_w.l(_sgetc.o)
    0x08001404   0x08001404   0x00000040   Code   RO         4291    .text               c_w.l(_wcrtomb.o)
    0x08001444   0x08001444   0x00000008   Code   RO         4298    .text               c_w.l(libspace.o)
    0x0800144c   0x0800144c   0x0000004a   Code   RO         4301    .text               c_w.l(sys_stackheap_outer.o)
    0x08001496   0x08001496   0x00000002   PAD
    0x08001498   0x08001498   0x00000010   Code   RO         4303    .text               c_w.l(rt_ctype_table.o)
    0x080014a8   0x080014a8   0x00000008   Code   RO         4308    .text               c_w.l(rt_locale_intlibspace.o)
    0x080014b0   0x080014b0   0x00000080   Code   RO         4310    .text               c_w.l(_printf_fp_infnan.o)
    0x08001530   0x08001530   0x000004f8   Code   RO         4312    .text               c_w.l(scanf_fp.o)
    0x08001a28   0x08001a28   0x000000e4   Code   RO         4314    .text               c_w.l(bigflt0.o)
    0x08001b0c   0x08001b0c   0x00000012   Code   RO         4339    .text               c_w.l(exit.o)
    0x08001b1e   0x08001b1e   0x00000002   PAD
    0x08001b20   0x08001b20   0x00000080   Code   RO         4345    .text               c_w.l(strcmpv7m.o)
    0x08001ba0   0x08001ba0   0x0000000c   Code   RO         4435    .text               c_w.l(sys_exit.o)
    0x08001bac   0x08001bac   0x00000320   Code   RO         4444    .text               c_w.l(scanf_hexfp.o)
    0x08001ecc   0x08001ecc   0x00000134   Code   RO         4446    .text               c_w.l(scanf_infnan.o)
    0x08002000   0x08002000   0x00000002   Code   RO         4470    .text               c_w.l(use_no_semi.o)
    0x08002002   0x08002002   0x00000000   Code   RO         4472    .text               c_w.l(indicate_semi.o)
    0x08002002   0x08002002   0x00000026   Code   RO         4475    .text               c_w.l(llshl.o)
    0x08002028   0x08002028   0x0000001c   Code   RO         4477    .text               c_w.l(_chval.o)
    0x08002044   0x08002044   0x0000003e   Code   RO         4317    CL$$btod_d2e        c_w.l(btod.o)
    0x08002082   0x08002082   0x00000046   Code   RO         4319    CL$$btod_d2e_denorm_low  c_w.l(btod.o)
    0x080020c8   0x080020c8   0x00000060   Code   RO         4318    CL$$btod_d2e_norm_op1  c_w.l(btod.o)
    0x08002128   0x08002128   0x00000338   Code   RO         4327    CL$$btod_div_common  c_w.l(btod.o)
    0x08002460   0x08002460   0x00000084   Code   RO         4325    CL$$btod_e2d        c_w.l(btod.o)
    0x080024e4   0x080024e4   0x000000dc   Code   RO         4324    CL$$btod_e2e        c_w.l(btod.o)
    0x080025c0   0x080025c0   0x0000002a   Code   RO         4321    CL$$btod_ediv       c_w.l(btod.o)
    0x080025ea   0x080025ea   0x0000002a   Code   RO         4323    CL$$btod_edivd      c_w.l(btod.o)
    0x08002614   0x08002614   0x0000002a   Code   RO         4320    CL$$btod_emul       c_w.l(btod.o)
    0x0800263e   0x0800263e   0x0000002a   Code   RO         4322    CL$$btod_emuld      c_w.l(btod.o)
    0x08002668   0x08002668   0x00000244   Code   RO         4326    CL$$btod_mult_common  c_w.l(btod.o)
    0x080028ac   0x080028ac   0x00000004   Code   RO          400    i.BusFault_Handler  stm32f4xx_it.o
    0x080028b0   0x080028b0   0x00000010   Code   RO          401    i.CAN1_RX0_IRQHandler  stm32f4xx_it.o
    0x080028c0   0x080028c0   0x00000010   Code   RO          402    i.CAN1_RX1_IRQHandler  stm32f4xx_it.o
    0x080028d0   0x080028d0   0x00000010   Code   RO          403    i.CAN1_SCE_IRQHandler  stm32f4xx_it.o
    0x080028e0   0x080028e0   0x00000010   Code   RO          404    i.CAN1_TX_IRQHandler  stm32f4xx_it.o
    0x080028f0   0x080028f0   0x00000032   Code   RO         3786    i.CAN_ReceiveMsg    drv_can.o
    0x08002922   0x08002922   0x00000034   Code   RO         3787    i.CAN_SendMsg       drv_can.o
    0x08002956   0x08002956   0x00000002   PAD
    0x08002958   0x08002958   0x00000010   Code   RO          405    i.DMA1_Stream5_IRQHandler  stm32f4xx_it.o
    0x08002968   0x08002968   0x00000010   Code   RO          406    i.DMA1_Stream6_IRQHandler  stm32f4xx_it.o
    0x08002978   0x08002978   0x00000034   Code   RO         1343    i.DMA_CalcBaseAndBitshift  stm32f4xx_hal_dma.o
    0x080029ac   0x080029ac   0x000000aa   Code   RO         1344    i.DMA_CheckFifoParam  stm32f4xx_hal_dma.o
    0x08002a56   0x08002a56   0x0000002c   Code   RO         1345    i.DMA_SetConfig     stm32f4xx_hal_dma.o
    0x08002a82   0x08002a82   0x00000002   Code   RO          407    i.DebugMon_Handler  stm32f4xx_it.o
    0x08002a84   0x08002a84   0x00000006   Code   RO           13    i.Error_Handler     main.o
    0x08002a8a   0x08002a8a   0x0000014a   Code   RO          550    i.HAL_CAN_AddTxMessage  stm32f4xx_hal_can.o
    0x08002bd4   0x08002bd4   0x00000120   Code   RO          551    i.HAL_CAN_ConfigFilter  stm32f4xx_hal_can.o
    0x08002cf4   0x08002cf4   0x00000002   Code   RO          554    i.HAL_CAN_ErrorCallback  stm32f4xx_hal_can.o
    0x08002cf6   0x08002cf6   0x00000194   Code   RO          557    i.HAL_CAN_GetRxMessage  stm32f4xx_hal_can.o
    0x08002e8a   0x08002e8a   0x0000024e   Code   RO          561    i.HAL_CAN_IRQHandler  stm32f4xx_hal_can.o
    0x080030d8   0x080030d8   0x00000174   Code   RO          562    i.HAL_CAN_Init      stm32f4xx_hal_can.o
    0x0800324c   0x0800324c   0x00000180   Code   RO          202    i.HAL_CAN_MspInit   can.o
    0x080033cc   0x080033cc   0x00000002   Code   RO          569    i.HAL_CAN_RxFifo0FullCallback  stm32f4xx_hal_can.o
    0x080033ce   0x080033ce   0x00000002   PAD
    0x080033d0   0x080033d0   0x0000001c   Code   RO         4020    i.HAL_CAN_RxFifo0MsgPendingCallback  tsk_callback.o
    0x080033ec   0x080033ec   0x00000002   Code   RO          571    i.HAL_CAN_RxFifo1FullCallback  stm32f4xx_hal_can.o
    0x080033ee   0x080033ee   0x00000002   Code   RO          572    i.HAL_CAN_RxFifo1MsgPendingCallback  stm32f4xx_hal_can.o
    0x080033f0   0x080033f0   0x00000002   Code   RO          573    i.HAL_CAN_SleepCallback  stm32f4xx_hal_can.o
    0x080033f2   0x080033f2   0x0000005e   Code   RO          574    i.HAL_CAN_Start     stm32f4xx_hal_can.o
    0x08003450   0x08003450   0x00000002   Code   RO          576    i.HAL_CAN_TxMailbox0AbortCallback  stm32f4xx_hal_can.o
    0x08003452   0x08003452   0x00000002   Code   RO          577    i.HAL_CAN_TxMailbox0CompleteCallback  stm32f4xx_hal_can.o
    0x08003454   0x08003454   0x00000002   Code   RO          578    i.HAL_CAN_TxMailbox1AbortCallback  stm32f4xx_hal_can.o
    0x08003456   0x08003456   0x00000002   Code   RO          579    i.HAL_CAN_TxMailbox1CompleteCallback  stm32f4xx_hal_can.o
    0x08003458   0x08003458   0x00000002   Code   RO          580    i.HAL_CAN_TxMailbox2AbortCallback  stm32f4xx_hal_can.o
    0x0800345a   0x0800345a   0x00000002   Code   RO          581    i.HAL_CAN_TxMailbox2CompleteCallback  stm32f4xx_hal_can.o
    0x0800345c   0x0800345c   0x00000002   Code   RO          583    i.HAL_CAN_WakeUpFromRxMsgCallback  stm32f4xx_hal_can.o
    0x0800345e   0x0800345e   0x000000ac   Code   RO         1346    i.HAL_DMA_Abort     stm32f4xx_hal_dma.o
    0x0800350a   0x0800350a   0x00000028   Code   RO         1347    i.HAL_DMA_Abort_IT  stm32f4xx_hal_dma.o
    0x08003532   0x08003532   0x00000002   PAD
    0x08003534   0x08003534   0x00000240   Code   RO         1351    i.HAL_DMA_IRQHandler  stm32f4xx_hal_dma.o
    0x08003774   0x08003774   0x000000ec   Code   RO         1352    i.HAL_DMA_Init      stm32f4xx_hal_dma.o
    0x08003860   0x08003860   0x00000092   Code   RO         1356    i.HAL_DMA_Start_IT  stm32f4xx_hal_dma.o
    0x080038f2   0x080038f2   0x00000002   PAD
    0x080038f4   0x080038f4   0x00000210   Code   RO         1239    i.HAL_GPIO_Init     stm32f4xx_hal_gpio.o
    0x08003b04   0x08003b04   0x0000000c   Code   RO         1243    i.HAL_GPIO_WritePin  stm32f4xx_hal_gpio.o
    0x08003b10   0x08003b10   0x0000000c   Code   RO         1814    i.HAL_GetTick       stm32f4xx_hal.o
    0x08003b1c   0x08003b1c   0x00000018   Code   RO         1820    i.HAL_IncTick       stm32f4xx_hal.o
    0x08003b34   0x08003b34   0x0000003c   Code   RO         1821    i.HAL_Init          stm32f4xx_hal.o
    0x08003b70   0x08003b70   0x0000004c   Code   RO         1822    i.HAL_InitTick      stm32f4xx_hal.o
    0x08003bbc   0x08003bbc   0x00000048   Code   RO          524    i.HAL_MspInit       stm32f4xx_hal_msp.o
    0x08003c04   0x08003c04   0x00000028   Code   RO         1649    i.HAL_NVIC_EnableIRQ  stm32f4xx_hal_cortex.o
    0x08003c2c   0x08003c2c   0x0000007c   Code   RO         1655    i.HAL_NVIC_SetPriority  stm32f4xx_hal_cortex.o
    0x08003ca8   0x08003ca8   0x00000028   Code   RO         1656    i.HAL_NVIC_SetPriorityGrouping  stm32f4xx_hal_cortex.o
    0x08003cd0   0x08003cd0   0x0000008c   Code   RO         1575    i.HAL_PWREx_EnableOverDrive  stm32f4xx_hal_pwr_ex.o
    0x08003d5c   0x08003d5c   0x00000184   Code   RO          783    i.HAL_RCC_ClockConfig  stm32f4xx_hal_rcc.o
    0x08003ee0   0x08003ee0   0x0000000c   Code   RO          788    i.HAL_RCC_GetHCLKFreq  stm32f4xx_hal_rcc.o
    0x08003eec   0x08003eec   0x00000020   Code   RO          790    i.HAL_RCC_GetPCLK1Freq  stm32f4xx_hal_rcc.o
    0x08003f0c   0x08003f0c   0x00000020   Code   RO          791    i.HAL_RCC_GetPCLK2Freq  stm32f4xx_hal_rcc.o
    0x08003f2c   0x08003f2c   0x000000b0   Code   RO          792    i.HAL_RCC_GetSysClockFreq  stm32f4xx_hal_rcc.o
    0x08003fdc   0x08003fdc   0x0000049c   Code   RO          795    i.HAL_RCC_OscConfig  stm32f4xx_hal_rcc.o
    0x08004478   0x08004478   0x000000c8   Code   RO         2080    i.HAL_SPI_Init      stm32f4xx_hal_spi.o
    0x08004540   0x08004540   0x00000088   Code   RO          275    i.HAL_SPI_MspInit   spi.o
    0x080045c8   0x080045c8   0x00000034   Code   RO         1660    i.HAL_SYSTICK_Config  stm32f4xx_hal_cortex.o
    0x080045fc   0x080045fc   0x00000002   Code   RO         3108    i.HAL_TIMEx_BreakCallback  stm32f4xx_hal_tim_ex.o
    0x080045fe   0x080045fe   0x00000002   Code   RO         3109    i.HAL_TIMEx_CommutCallback  stm32f4xx_hal_tim_ex.o
    0x08004600   0x08004600   0x000000b4   Code   RO         3127    i.HAL_TIMEx_MasterConfigSynchronization  stm32f4xx_hal_tim_ex.o
    0x080046b4   0x080046b4   0x00000066   Code   RO         2393    i.HAL_TIM_Base_Init  stm32f4xx_hal_tim.o
    0x0800471a   0x0800471a   0x00000002   PAD
    0x0800471c   0x0800471c   0x00000048   Code   RO          317    i.HAL_TIM_Base_MspInit  tim.o
    0x08004764   0x08004764   0x00000002   Code   RO         2427    i.HAL_TIM_IC_CaptureCallback  stm32f4xx_hal_tim.o
    0x08004766   0x08004766   0x0000016c   Code   RO         2441    i.HAL_TIM_IRQHandler  stm32f4xx_hal_tim.o
    0x080048d2   0x080048d2   0x00000002   Code   RO         2444    i.HAL_TIM_OC_DelayElapsedCallback  stm32f4xx_hal_tim.o
    0x080048d4   0x080048d4   0x00000002   Code   RO         2471    i.HAL_TIM_PWM_PulseFinishedCallback  stm32f4xx_hal_tim.o
    0x080048d6   0x080048d6   0x00000002   PAD
    0x080048d8   0x080048d8   0x00000030   Code   RO         4021    i.HAL_TIM_PeriodElapsedCallback  tsk_callback.o
    0x08004908   0x08004908   0x00000002   Code   RO         2484    i.HAL_TIM_TriggerCallback  stm32f4xx_hal_tim.o
    0x0800490a   0x0800490a   0x00000070   Code   RO         3385    i.HAL_UARTEx_ReceiveToIdle_DMA  stm32f4xx_hal_uart.o
    0x0800497a   0x0800497a   0x00000010   Code   RO         4022    i.HAL_UARTEx_RxEventCallback  tsk_callback.o
    0x0800498a   0x0800498a   0x00000002   Code   RO         3401    i.HAL_UART_ErrorCallback  stm32f4xx_hal_uart.o
    0x0800498c   0x0800498c   0x00000308   Code   RO         3404    i.HAL_UART_IRQHandler  stm32f4xx_hal_uart.o
    0x08004c94   0x08004c94   0x00000076   Code   RO         3405    i.HAL_UART_Init     stm32f4xx_hal_uart.o
    0x08004d0a   0x08004d0a   0x00000002   PAD
    0x08004d0c   0x08004d0c   0x00000120   Code   RO          359    i.HAL_UART_MspInit  usart.o
    0x08004e2c   0x08004e2c   0x00000002   Code   RO         3411    i.HAL_UART_RxCpltCallback  stm32f4xx_hal_uart.o
    0x08004e2e   0x08004e2e   0x00000002   Code   RO         3412    i.HAL_UART_RxHalfCpltCallback  stm32f4xx_hal_uart.o
    0x08004e30   0x08004e30   0x0000009c   Code   RO         3414    i.HAL_UART_Transmit_DMA  stm32f4xx_hal_uart.o
    0x08004ecc   0x08004ecc   0x00000002   Code   RO         3416    i.HAL_UART_TxCpltCallback  stm32f4xx_hal_uart.o
    0x08004ece   0x08004ece   0x00000002   Code   RO         3417    i.HAL_UART_TxHalfCpltCallback  stm32f4xx_hal_uart.o
    0x08004ed0   0x08004ed0   0x00000004   Code   RO          408    i.HardFault_Handler  stm32f4xx_it.o
    0x08004ed4   0x08004ed4   0x00000044   Code   RO          203    i.MX_CAN1_Init      can.o
    0x08004f18   0x08004f18   0x0000004c   Code   RO          204    i.MX_CAN2_Init      can.o
    0x08004f64   0x08004f64   0x00000048   Code   RO          250    i.MX_DMA_Init       dma.o
    0x08004fac   0x08004fac   0x00000184   Code   RO          177    i.MX_GPIO_Init      gpio.o
    0x08005130   0x08005130   0x00000044   Code   RO          276    i.MX_SPI5_Init      spi.o
    0x08005174   0x08005174   0x0000004c   Code   RO          318    i.MX_TIM6_Init      tim.o
    0x080051c0   0x080051c0   0x00000038   Code   RO          360    i.MX_USART2_UART_Init  usart.o
    0x080051f8   0x080051f8   0x00000004   Code   RO          409    i.MemManage_Handler  stm32f4xx_it.o
    0x080051fc   0x080051fc   0x000000c8   Code   RO         3946    i.Motor_GetParam    dvc_motor.o
    0x080052c4   0x080052c4   0x000000c0   Code   RO         3947    i.Motor_Init        dvc_motor.o
    0x08005384   0x08005384   0x00000090   Code   RO         3950    i.Motor_SetCurrentMap  dvc_motor.o
    0x08005414   0x08005414   0x00000084   Code   RO         3952    i.Motor_SetTargetRPM  dvc_motor.o
    0x08005498   0x08005498   0x00000004   Code   RO          410    i.NMI_Handler       stm32f4xx_it.o
    0x0800549c   0x0800549c   0x000000be   Code   RO         3898    i.PID_ParseSerialPack  alg_pid.o
    0x0800555a   0x0800555a   0x0000000e   Code   RO         3899    i.PID_SetParam      alg_pid.o
    0x08005568   0x08005568   0x0000015c   Code   RO         3900    i.PID_Update        alg_pid.o
    0x080056c4   0x080056c4   0x00000002   Code   RO          411    i.PendSV_Handler    stm32f4xx_it.o
    0x080056c6   0x080056c6   0x00000002   Code   RO          412    i.SVC_Handler       stm32f4xx_it.o
    0x080056c8   0x080056c8   0x00000034   Code   RO         3828    i.Serial_Printf_DMA  drv_serial.o
    0x080056fc   0x080056fc   0x00000024   Code   RO         3829    i.Serial_RxDMA_Init  drv_serial.o
    0x08005720   0x08005720   0x00000048   Code   RO         3830    i.Serial_RxEventCallback  drv_serial.o
    0x08005768   0x08005768   0x00000008   Code   RO          413    i.SysTick_Handler   stm32f4xx_it.o
    0x08005770   0x08005770   0x000000bc   Code   RO           14    i.SystemClock_Config  main.o
    0x0800582c   0x0800582c   0x00000014   Code   RO         3749    i.SystemInit        system_stm32f4xx.o
    0x08005840   0x08005840   0x00000010   Code   RO          414    i.TIM6_DAC_IRQHandler  stm32f4xx_it.o
    0x08005850   0x08005850   0x000000e0   Code   RO         2486    i.TIM_Base_SetConfig  stm32f4xx_hal_tim.o
    0x08005930   0x08005930   0x00000012   Code   RO         3418    i.UART_DMAAbortOnError  stm32f4xx_hal_uart.o
    0x08005942   0x08005942   0x00000050   Code   RO         3419    i.UART_DMAError     stm32f4xx_hal_uart.o
    0x08005992   0x08005992   0x000000b4   Code   RO         3420    i.UART_DMAReceiveCplt  stm32f4xx_hal_uart.o
    0x08005a46   0x08005a46   0x00000024   Code   RO         3422    i.UART_DMARxHalfCplt  stm32f4xx_hal_uart.o
    0x08005a6a   0x08005a6a   0x00000058   Code   RO         3424    i.UART_DMATransmitCplt  stm32f4xx_hal_uart.o
    0x08005ac2   0x08005ac2   0x0000000e   Code   RO         3426    i.UART_DMATxHalfCplt  stm32f4xx_hal_uart.o
    0x08005ad0   0x08005ad0   0x0000006c   Code   RO         3428    i.UART_EndRxTransfer  stm32f4xx_hal_uart.o
    0x08005b3c   0x08005b3c   0x00000020   Code   RO         3429    i.UART_EndTransmit_IT  stm32f4xx_hal_uart.o
    0x08005b5c   0x08005b5c   0x00000026   Code   RO         3430    i.UART_EndTxTransfer  stm32f4xx_hal_uart.o
    0x08005b82   0x08005b82   0x000000fc   Code   RO         3431    i.UART_Receive_IT   stm32f4xx_hal_uart.o
    0x08005c7e   0x08005c7e   0x00000002   PAD
    0x08005c80   0x08005c80   0x0000022c   Code   RO         3432    i.UART_SetConfig    stm32f4xx_hal_uart.o
    0x08005eac   0x08005eac   0x000000d8   Code   RO         3433    i.UART_Start_Receive_DMA  stm32f4xx_hal_uart.o
    0x08005f84   0x08005f84   0x00000060   Code   RO         3435    i.UART_Transmit_IT  stm32f4xx_hal_uart.o
    0x08005fe4   0x08005fe4   0x00000010   Code   RO          415    i.USART2_IRQHandler  stm32f4xx_it.o
    0x08005ff4   0x08005ff4   0x00000004   Code   RO          416    i.UsageFault_Handler  stm32f4xx_it.o
    0x08005ff8   0x08005ff8   0x00000030   Code   RO         4400    i.__ARM_fpclassify  m_wm.l(fpclassify.o)
    0x08006028   0x08006028   0x00000010   Code   RO         1662    i.__NVIC_GetPriorityGrouping  stm32f4xx_hal_cortex.o
    0x08006038   0x08006038   0x00000028   Code   RO         1663    i.__NVIC_SetPriority  stm32f4xx_hal_cortex.o
    0x08006060   0x08006060   0x000000f8   Code   RO         4427    i.__hardfp___mathlib_tofloat  m_wm.l(narrow.o)
    0x08006158   0x08006158   0x00000038   Code   RO         4126    i.__hardfp_atof     m_wm.l(atof.o)
    0x08006190   0x08006190   0x000000d0   Code   RO         4494    i.__hardfp_ldexp    m_wm.l(ldexp.o)
    0x08006260   0x08006260   0x00000020   Code   RO         4548    i.__mathlib_dbl_overflow  m_wm.l(dunder.o)
    0x08006280   0x08006280   0x00000020   Code   RO         4550    i.__mathlib_dbl_underflow  m_wm.l(dunder.o)
    0x080062a0   0x080062a0   0x00000012   Code   RO         4428    i.__mathlib_narrow  m_wm.l(narrow.o)
    0x080062b2   0x080062b2   0x00000014   Code   RO         4496    i.__support_ldexp   m_wm.l(ldexp.o)
    0x080062c6   0x080062c6   0x0000000e   Code   RO         4197    i._is_digit         c_w.l(__printf_wp.o)
    0x080062d4   0x080062d4   0x00000004   PAD
    0x080062d8   0x080062d8   0x0000008c   Code   RO         4462    i.frexp             m_wm.l(frexp.o)
    0x08006364   0x08006364   0x000001e8   Code   RO         4077    i.loop              tsk_main.o
    0x0800654c   0x0800654c   0x00000030   Code   RO           15    i.main              main.o
    0x0800657c   0x0800657c   0x00000038   Code   RO         4078    i.setup             tsk_main.o
    0x080065b4   0x080065b4   0x0000002c   Code   RO         4294    locale$$code        c_w.l(lc_numeric_c.o)
    0x080065e0   0x080065e0   0x0000002c   Code   RO         4407    locale$$code        c_w.l(lc_ctype_c.o)
    0x0800660c   0x0800660c   0x00000062   Code   RO         4122    x$fpl$d2f           fz_wm.l(d2f.o)
    0x0800666e   0x0800666e   0x00000002   PAD
    0x08006670   0x08006670   0x00000010   Code   RO         4565    x$fpl$dcheck1       fz_wm.l(dcheck1.o)
    0x08006680   0x08006680   0x00000018   Code   RO         4488    x$fpl$dcmpinf       fz_wm.l(dcmpi.o)
    0x08006698   0x08006698   0x00000078   Code   RO         4456    x$fpl$deqf          fz_wm.l(deqf.o)
    0x08006710   0x08006710   0x00000078   Code   RO         4490    x$fpl$dleqf         fz_wm.l(dleqf.o)
    0x08006788   0x08006788   0x00000154   Code   RO         4492    x$fpl$dmul          fz_wm.l(dmul.o)
    0x080068dc   0x080068dc   0x0000009c   Code   RO         4232    x$fpl$dnaninf       fz_wm.l(dnaninf.o)
    0x08006978   0x08006978   0x0000000c   Code   RO         4234    x$fpl$dretinf       fz_wm.l(dretinf.o)
    0x08006984   0x08006984   0x0000006c   Code   RO         4458    x$fpl$drleqf        fz_wm.l(drleqf.o)
    0x080069f0   0x080069f0   0x00000056   Code   RO         4124    x$fpl$f2d           fz_wm.l(f2d.o)
    0x08006a46   0x08006a46   0x0000008c   Code   RO         4236    x$fpl$fnaninf       fz_wm.l(fnaninf.o)
    0x08006ad2   0x08006ad2   0x0000000a   Code   RO         4419    x$fpl$fpinit        fz_wm.l(fpinit.o)
    0x08006adc   0x08006adc   0x0000000a   Code   RO         4238    x$fpl$fretinf       fz_wm.l(fretinf.o)
    0x08006ae6   0x08006ae6   0x00000006   Code   RO         4398    x$fpl$ieeestatus    fz_wm.l(istatus.o)
    0x08006aec   0x08006aec   0x00000004   Code   RO         4240    x$fpl$printf1       fz_wm.l(printf1.o)
    0x08006af0   0x08006af0   0x00000004   Code   RO         4242    x$fpl$printf2       fz_wm.l(printf2.o)
    0x08006af4   0x08006af4   0x00000064   Code   RO         4571    x$fpl$retnan        fz_wm.l(retnan.o)
    0x08006b58   0x08006b58   0x0000005c   Code   RO         4542    x$fpl$scalbn        fz_wm.l(scalbn.o)
    0x08006bb4   0x08006bb4   0x00000004   Code   RO         4296    x$fpl$scanf1        fz_wm.l(scanf1.o)
    0x08006bb8   0x08006bb8   0x00000008   Code   RO         4421    x$fpl$scanf2        fz_wm.l(scanf2.o)
    0x08006bc0   0x08006bc0   0x00000030   Code   RO         4573    x$fpl$trapveneer    fz_wm.l(trapv.o)
    0x08006bf0   0x08006bf0   0x00000000   Code   RO         4248    x$fpl$usenofp       fz_wm.l(usenofp.o)
    0x08006bf0   0x08006bf0   0x00000008   Data   RO         1358    .constdata          stm32f4xx_hal_dma.o
    0x08006bf8   0x08006bf8   0x00000018   Data   RO         3750    .constdata          system_stm32f4xx.o
    0x08006c10   0x08006c10   0x00000008   Data   RO         4156    .constdata          c_w.l(_printf_wctomb.o)
    0x08006c18   0x08006c18   0x00000028   Data   RO         4185    .constdata          c_w.l(_printf_hex_int_ll_ptr.o)
    0x08006c40   0x08006c40   0x00000011   Data   RO         4205    .constdata          c_w.l(__printf_flags_ss_wp.o)
    0x08006c51   0x08006c51   0x00000026   Data   RO         4280    .constdata          c_w.l(_printf_fp_hex.o)
    0x08006c77   0x08006c77   0x00000001   PAD
    0x08006c78   0x08006c78   0x00000094   Data   RO         4315    .constdata          c_w.l(bigflt0.o)
    0x08006d0c   0x08006d0c   0x00000020   Data   RO         4575    Region$$Table       anon$$obj.o
    0x08006d2c   0x08006d2c   0x00000008   Data   RO         4415    c$$dinf             fz_wm.l(fpconst.o)
    0x08006d34   0x08006d34   0x00000008   Data   RO         4418    c$$dmax             fz_wm.l(fpconst.o)
    0x08006d3c   0x08006d3c   0x0000001c   Data   RO         4293    locale$$data        c_w.l(lc_numeric_c.o)
    0x08006d58   0x08006d58   0x00000110   Data   RO         4406    locale$$data        c_w.l(lc_ctype_c.o)


    Execution Region RW_IRAM2 (Exec base: 0x10000000, Load base: 0x08006f14, Size: 0x00000000, Max: 0x00010000, ABSOLUTE)

    **** No section assigned to this execution region ****


    Execution Region RW_IRAM1 (Exec base: 0x20000000, Load base: 0x08006e68, Size: 0x00000dc0, Max: 0x00030000, ABSOLUTE)

    Exec Addr    Load Addr    Size         Type   Attr      Idx    E Section Name        Object

    0x20000000   0x08006e68   0x00000004   Data   RW          206    .data               can.o
    0x20000004   0x08006e6c   0x00000009   Data   RW         1828    .data               stm32f4xx_hal.o
    0x2000000d   0x08006e75   0x00000003   PAD
    0x20000010   0x08006e78   0x00000004   Data   RW         3751    .data               system_stm32f4xx.o
    0x20000014   0x08006e7c   0x00000018   Data   RW         3788    .data               drv_can.o
    0x2000002c   0x08006e94   0x00000001   Data   RW         3834    .data               drv_serial.o
    0x2000002d   0x08006e95   0x00000003   PAD
    0x20000030   0x08006e98   0x00000078   Data   RW         3954    .data               dvc_motor.o
    0x200000a8   0x08006f10   0x00000002   Data   RW         4023    .data               tsk_callback.o
    0x200000aa   0x08006f12   0x00000002   PAD
    0x200000ac        -       0x00000050   Zero   RW          205    .bss                can.o
    0x200000fc        -       0x00000058   Zero   RW          277    .bss                spi.o
    0x20000154        -       0x00000048   Zero   RW          319    .bss                tim.o
    0x2000019c        -       0x00000108   Zero   RW          361    .bss                usart.o
    0x200002a4        -       0x000000c8   Zero   RW         3833    .bss                drv_serial.o
    0x2000036c        -       0x000003f0   Zero   RW         3953    .bss                dvc_motor.o
    0x2000075c        -       0x00000060   Zero   RW         4299    .bss                c_w.l(libspace.o)
    0x200007bc   0x08006f12   0x00000004   PAD
    0x200007c0        -       0x00000200   Zero   RW            2    HEAP                startup_stm32f427xx.o
    0x200009c0        -       0x00000400   Zero   RW            1    STACK               startup_stm32f427xx.o


==============================================================================

Image component sizes


      Code (inc. data)   RO Data    RW Data    ZI Data      Debug   Object Name

       552          6          0          0          0       3254   alg_pid.o
       528         42          0          4         80       2502   can.o
        72          4          0          0          0        782   dma.o
       102          0          0         24          0       2191   drv_can.o
       160         20          0          1        200       3104   drv_serial.o
       668         44          0        120       1008       5258   dvc_motor.o
       388         20          0          0          0       1167   gpio.o
       242          8          0          0          0     760708   main.o
       204         22          0          0         88       1693   spi.o
        64         26        428          0       1536        848   startup_stm32f427xx.o
       172         32          0          9          0       8937   stm32f4xx_hal.o
      2102          4          0          0          0      13708   stm32f4xx_hal_can.o
       312         22          0          0          0      34371   stm32f4xx_hal_cortex.o
      1436         16          8          0          0       7074   stm32f4xx_hal_dma.o
       540         54          0          0          0       2144   stm32f4xx_hal_gpio.o
        72          4          0          0          0        870   stm32f4xx_hal_msp.o
       140         12          0          0          0       1292   stm32f4xx_hal_pwr_ex.o
      1820         84          0          0          0       5668   stm32f4xx_hal_rcc.o
       200          0          0          0          0       1215   stm32f4xx_hal_spi.o
       698         46          0          0          0       5331   stm32f4xx_hal_tim.o
       184         30          0          0          0       2549   stm32f4xx_hal_tim_ex.o
      2886         40          0          0          0      17223   stm32f4xx_hal_uart.o
       162         48          0          0          0       8331   stm32f4xx_it.o
        20          6         24          4          0       1147   system_stm32f4xx.o
       148         20          0          0         72       1622   tim.o
        92         22          0          2          0       2466   tsk_callback.o
       544        110          0          0          0       1087   tsk_main.o
       344         34          0          0        264       1912   usart.o

    ----------------------------------------------------------------------
     14868        776        492        172       3248     898454   Object Totals
         0          0         32          0          0          0   (incl. Generated)
        16          0          0          8          0          0   (incl. Padding)

    ----------------------------------------------------------------------

      Code (inc. data)   RO Data    RW Data    ZI Data      Debug   Library Member Name

         8          0          0          0          0         68   __main.o
       392          4         17          0          0         92   __printf_flags_ss_wp.o
        14          0          0          0          0         68   __printf_wp.o
         0          0          0          0          0          0   __rtentry.o
        12          0          0          0          0          0   __rtentry2.o
         6          0          0          0          0          0   __rtentry4.o
        52          8          0          0          0          0   __scatter.o
        26          0          0          0          0          0   __scatter_copy.o
        28          0          0          0          0          0   __scatter_zi.o
        28          0          0          0          0         68   _chval.o
         6          0          0          0          0          0   _printf_a.o
         6          0          0          0          0          0   _printf_c.o
        44          0          0          0          0        108   _printf_char.o
        48          6          0          0          0         96   _printf_char_common.o
        40          0          0          0          0         68   _printf_charcount.o
         6          0          0          0          0          0   _printf_d.o
       120         16          0          0          0         92   _printf_dec.o
         6          0          0          0          0          0   _printf_e.o
         6          0          0          0          0          0   _printf_f.o
      1054          0          0          0          0        216   _printf_fp_dec.o
       764          8         38          0          0        100   _printf_fp_hex.o
       128         16          0          0          0         84   _printf_fp_infnan.o
         6          0          0          0          0          0   _printf_g.o
       148          4         40          0          0        160   _printf_hex_int_ll_ptr.o
         6          0          0          0          0          0   _printf_i.o
       178          0          0          0          0         88   _printf_intcommon.o
        10          0          0          0          0          0   _printf_l.o
         6          0          0          0          0          0   _printf_lc.o
        10          0          0          0          0          0   _printf_ll.o
         6          0          0          0          0          0   _printf_lld.o
         6          0          0          0          0          0   _printf_lli.o
         6          0          0          0          0          0   _printf_llo.o
         6          0          0          0          0          0   _printf_llu.o
         6          0          0          0          0          0   _printf_llx.o
       124         16          0          0          0         92   _printf_longlong_dec.o
         6          0          0          0          0          0   _printf_ls.o
         6          0          0          0          0          0   _printf_n.o
         6          0          0          0          0          0   _printf_o.o
       112         10          0          0          0        124   _printf_oct_int_ll.o
         6          0          0          0          0          0   _printf_p.o
        78          0          0          0          0        108   _printf_pad.o
         0          0          0          0          0          0   _printf_percent.o
         4          0          0          0          0          0   _printf_percent_end.o
         6          0          0          0          0          0   _printf_s.o
        82          0          0          0          0         80   _printf_str.o
        36          0          0          0          0         84   _printf_truncate.o
         6          0          0          0          0          0   _printf_u.o
        44          0          0          0          0        108   _printf_wchar.o
       188          6          8          0          0         92   _printf_wctomb.o
         6          0          0          0          0          0   _printf_x.o
        22          0          0          0          0        100   _rserrno.o
        64          0          0          0          0         84   _sgetc.o
        10          0          0          0          0         68   _sputc.o
        64          0          0          0          0         92   _wcrtomb.o
       228          4        148          0          0         96   bigflt0.o
      2152        136          0          0          0        960   btod.o
        18          0          0          0          0         80   exit.o
         6          0          0          0          0        152   heapauxi.o
         0          0          0          0          0          0   indicate_semi.o
        18          0          0          0          0         76   isspace.o
        44         10        272          0          0         76   lc_ctype_c.o
        44         10         28          0          0         76   lc_numeric_c.o
         2          0          0          0          0          0   libinit.o
        34          0          0          0          0          0   libinit2.o
         2          0          0          0          0          0   libshutdown.o
         2          0          0          0          0          0   libshutdown2.o
         8          4          0          0         96         68   libspace.o
        38          0          0          0          0         68   llshl.o
       138          0          0          0          0         80   lludiv10.o
       238          0          0          0          0        100   lludivv7m.o
        16          4          0          0          0         76   rt_ctype_table.o
         8          4          0          0          0         68   rt_errno_addr_intlibspace.o
         8          4          0          0          0         68   rt_locale_intlibspace.o
        78          0          0          0          0         80   rt_memclr_w.o
         2          0          0          0          0          0   rtexit.o
        10          0          0          0          0          0   rtexit2.o
      1272         16          0          0          0        168   scanf_fp.o
       800         14          0          0          0        100   scanf_hexfp.o
       308         16          0          0          0        100   scanf_infnan.o
       128          0          0          0          0         68   strcmpv7m.o
        62          0          0          0          0         76   strlen.o
       164         14          0          0          0        120   strtod.o
        12          4          0          0          0         68   sys_exit.o
        74          0          0          0          0         80   sys_stackheap_outer.o
         2          0          0          0          0         68   use_no_semi.o
        36          4          0          0          0         76   vsprintf.o
        98          4          0          0          0        140   d2f.o
        16          4          0          0          0        116   dcheck1.o
        24          0          0          0          0        116   dcmpi.o
       120          4          0          0          0        140   deqf.o
       120          4          0          0          0        140   dleqf.o
       340         12          0          0          0        152   dmul.o
       156          4          0          0          0        140   dnaninf.o
        12          0          0          0          0        116   dretinf.o
       108          0          0          0          0        128   drleqf.o
        86          4          0          0          0        132   f2d.o
       140          4          0          0          0        132   fnaninf.o
         0          0         16          0          0          0   fpconst.o
        10          0          0          0          0        116   fpinit.o
        10          0          0          0          0        116   fretinf.o
         6          0          0          0          0        116   istatus.o
         4          0          0          0          0        116   printf1.o
         4          0          0          0          0        116   printf2.o
       100          0          0          0          0        116   retnan.o
        92          0          0          0          0        116   scalbn.o
         4          0          0          0          0        116   scanf1.o
         8          0          0          0          0        132   scanf2.o
        48          0          0          0          0        116   trapv.o
         0          0          0          0          0          0   usenofp.o
        56         12          0          0          0        132   atof.o
        64         16          0          0          0        248   dunder.o
        48          0          0          0          0        124   fpclassify.o
       140         22          0          0          0        132   frexp.o
       228          8          0          0          0        308   ldexp.o
       266         16          0          0          0        308   narrow.o

    ----------------------------------------------------------------------
     12336        452        568          0        100       9268   Library Totals
        18          0          1          0          4          0   (incl. Padding)

    ----------------------------------------------------------------------

      Code (inc. data)   RO Data    RW Data    ZI Data      Debug   Library Name

     10010        338        551          0         96       5388   c_w.l
      1506         40         16          0          0       2628   fz_wm.l
       802         74          0          0          0       1252   m_wm.l

    ----------------------------------------------------------------------
     12336        452        568          0        100       9268   Library Totals

    ----------------------------------------------------------------------

==============================================================================


      Code (inc. data)   RO Data    RW Data    ZI Data      Debug   

     27204       1228       1060        172       3348     890010   Grand Totals
     27204       1228       1060        172       3348     890010   ELF Image Totals
     27204       1228       1060        172          0          0   ROM Totals

==============================================================================

    Total RO  Size (Code + RO Data)                28264 (  27.60kB)
    Total RW  Size (RW Data + ZI Data)              3520 (   3.44kB)
    Total ROM Size (Code + RO Data + RW Data)      28436 (  27.77kB)

==============================================================================

